Archive member included because of file (symbol)

C:\Marmalade\6.4\s3e\edk\lib\android/libedk.a(IwDebug.o)
                              debug\s3eAndroidXAPK_platform.os (IwDebugTraceSetTraceChannel)
C:\Marmalade\6.4\s3e\edk\lib\android/libedk.a(edk_helpers.o)
                              debug\s3eAndroidXAPK_platform.os (s3eEdkThreadRunOnOS)
c:/program files/adt-bundle-windows-x86_64-20130717/android-ndk-r8d/toolchains/arm-linux-androideabi-4.7/prebuilt/windows/bin/../lib/gcc/arm-linux-androideabi/4.7/libgcc.a(_aeabi_ldivmod.o)
                              C:\Marmalade\6.4\s3e\edk\lib\android/libedk.a(IwDebug.o) (__aeabi_ldivmod)
c:/program files/adt-bundle-windows-x86_64-20130717/android-ndk-r8d/toolchains/arm-linux-androideabi-4.7/prebuilt/windows/bin/../lib/gcc/arm-linux-androideabi/4.7/libgcc.a(_dvmd_lnx.o)
                              c:/program files/adt-bundle-windows-x86_64-20130717/android-ndk-r8d/toolchains/arm-linux-androideabi-4.7/prebuilt/windows/bin/../lib/gcc/arm-linux-androideabi/4.7/libgcc.a(_aeabi_ldivmod.o) (__aeabi_ldiv0)
c:/program files/adt-bundle-windows-x86_64-20130717/android-ndk-r8d/toolchains/arm-linux-androideabi-4.7/prebuilt/windows/bin/../lib/gcc/arm-linux-androideabi/4.7/libgcc.a(bpabi.o)
                              c:/program files/adt-bundle-windows-x86_64-20130717/android-ndk-r8d/toolchains/arm-linux-androideabi-4.7/prebuilt/windows/bin/../lib/gcc/arm-linux-androideabi/4.7/libgcc.a(_aeabi_ldivmod.o) (__gnu_ldivmod_helper)
c:/program files/adt-bundle-windows-x86_64-20130717/android-ndk-r8d/toolchains/arm-linux-androideabi-4.7/prebuilt/windows/bin/../lib/gcc/arm-linux-androideabi/4.7/libgcc.a(_divdi3.o)
                              c:/program files/adt-bundle-windows-x86_64-20130717/android-ndk-r8d/toolchains/arm-linux-androideabi-4.7/prebuilt/windows/bin/../lib/gcc/arm-linux-androideabi/4.7/libgcc.a(bpabi.o) (__divdi3)
c:/program files/adt-bundle-windows-x86_64-20130717/android-ndk-r8d/toolchains/arm-linux-androideabi-4.7/prebuilt/windows/bin/../lib/gcc/arm-linux-androideabi/4.7/libgcc.a(_udivdi3.o)
                              c:/program files/adt-bundle-windows-x86_64-20130717/android-ndk-r8d/toolchains/arm-linux-androideabi-4.7/prebuilt/windows/bin/../lib/gcc/arm-linux-androideabi/4.7/libgcc.a(bpabi.o) (__udivdi3)
c:/program files/adt-bundle-windows-x86_64-20130717/android-ndk-r8d/toolchains/arm-linux-androideabi-4.7/prebuilt/windows/bin/../lib/gcc/arm-linux-androideabi/4.7/libgcc.a(unwind-arm.o)
                              c:/program files/adt-bundle-windows-x86_64-20130717/android-ndk-r8d/toolchains/arm-linux-androideabi-4.7/prebuilt/windows/bin/../lib/gcc/arm-linux-androideabi/4.7/libgcc.a(_divdi3.o) (__aeabi_unwind_cpp_pr0)
c:/program files/adt-bundle-windows-x86_64-20130717/android-ndk-r8d/toolchains/arm-linux-androideabi-4.7/prebuilt/windows/bin/../lib/gcc/arm-linux-androideabi/4.7/libgcc.a(libunwind.o)
                              c:/program files/adt-bundle-windows-x86_64-20130717/android-ndk-r8d/toolchains/arm-linux-androideabi-4.7/prebuilt/windows/bin/../lib/gcc/arm-linux-androideabi/4.7/libgcc.a(unwind-arm.o) (restore_core_regs)
c:/program files/adt-bundle-windows-x86_64-20130717/android-ndk-r8d/toolchains/arm-linux-androideabi-4.7/prebuilt/windows/bin/../lib/gcc/arm-linux-androideabi/4.7/libgcc.a(pr-support.o)
                              c:/program files/adt-bundle-windows-x86_64-20130717/android-ndk-r8d/toolchains/arm-linux-androideabi-4.7/prebuilt/windows/bin/../lib/gcc/arm-linux-androideabi/4.7/libgcc.a(unwind-arm.o) (__gnu_unwind_execute)
c:/program files/adt-bundle-windows-x86_64-20130717/android-ndk-r8d/toolchains/arm-linux-androideabi-4.7/prebuilt/windows/bin/../lib/gcc/arm-linux-androideabi/4.7/libgcc.a(_udivsi3.o)
                              c:/program files/adt-bundle-windows-x86_64-20130717/android-ndk-r8d/toolchains/arm-linux-androideabi-4.7/prebuilt/windows/bin/../lib/gcc/arm-linux-androideabi/4.7/libgcc.a(_divdi3.o) (__aeabi_uidiv)

Discarded input sections

 .text          0x00000000       0x14 C:/Program Files/adt-bundle-windows-x86_64-20130717/android-ndk-r8e/platforms/android-9/arch-arm/usr/lib/crtbegin_so.o
 .bss           0x00000000        0x0 C:/Program Files/adt-bundle-windows-x86_64-20130717/android-ndk-r8e/platforms/android-9/arch-arm/usr/lib/crtbegin_so.o
 .note.GNU-stack
                0x00000000        0x0 C:/Program Files/adt-bundle-windows-x86_64-20130717/android-ndk-r8e/platforms/android-9/arch-arm/usr/lib/crtbegin_so.o
 .group         0x00000000        0x8 debug\s3eAndroidXAPK_platform.os
 .group         0x00000000        0x8 debug\s3eAndroidXAPK_platform.os
 .group         0x00000000        0x8 debug\s3eAndroidXAPK_platform.os
 .group         0x00000000        0x8 debug\s3eAndroidXAPK_platform.os
 .group         0x00000000        0x8 debug\s3eAndroidXAPK_platform.os
 .group         0x00000000        0x8 debug\s3eAndroidXAPK_platform.os
 .group         0x00000000        0x8 debug\s3eAndroidXAPK_platform.os
 .group         0x00000000        0x8 debug\s3eAndroidXAPK_platform.os
 .group         0x00000000        0x8 debug\s3eAndroidXAPK_platform.os
 .group         0x00000000        0x8 debug\s3eAndroidXAPK_platform.os
 .group         0x00000000        0x8 debug\s3eAndroidXAPK_platform.os
 .group         0x00000000        0x8 debug\s3eAndroidXAPK_platform.os
 .group         0x00000000        0x8 debug\s3eAndroidXAPK_platform.os
 .group         0x00000000        0x8 debug\s3eAndroidXAPK_platform.os
 .group         0x00000000        0x8 debug\s3eAndroidXAPK_platform.os
 .group         0x00000000        0x8 debug\s3eAndroidXAPK_platform.os
 .group         0x00000000        0x8 debug\s3eAndroidXAPK_platform.os
 .group         0x00000000        0x8 debug\s3eAndroidXAPK_platform.os
 .group         0x00000000        0x8 debug\s3eAndroidXAPK_platform.os
 .group         0x00000000        0x8 debug\s3eAndroidXAPK_platform.os
 .group         0x00000000        0x8 debug\s3eAndroidXAPK_platform.os
 .text          0x00000000        0x0 debug\s3eAndroidXAPK_platform.os
 .data          0x00000000        0x0 debug\s3eAndroidXAPK_platform.os
 .note.GNU-stack
                0x00000000        0x0 debug\s3eAndroidXAPK_platform.os
 .text          0x00000000        0x0 debug\s3eAndroidXAPK.os
 .data          0x00000000        0x0 debug\s3eAndroidXAPK.os
 .bss           0x00000000        0x0 debug\s3eAndroidXAPK.os
 .note.GNU-stack
                0x00000000        0x0 debug\s3eAndroidXAPK.os
 .text          0x00000000        0x0 debug\s3eAndroidXAPK_register.os
 .data          0x00000000        0x0 debug\s3eAndroidXAPK_register.os
 .bss           0x00000000        0x0 debug\s3eAndroidXAPK_register.os
 .note.GNU-stack
                0x00000000        0x0 debug\s3eAndroidXAPK_register.os
 .text          0x00000000        0x0 C:\Marmalade\6.4\s3e\edk\lib\android/libedk.a(IwDebug.o)
 .data          0x00000000        0x0 C:\Marmalade\6.4\s3e\edk\lib\android/libedk.a(IwDebug.o)
 .text.IwAssertRegisterTextCallback
                0x00000000       0x1c C:\Marmalade\6.4\s3e\edk\lib\android/libedk.a(IwDebug.o)
 .text.IwAssertRegisterCallback
                0x00000000       0x1c C:\Marmalade\6.4\s3e\edk\lib\android/libedk.a(IwDebug.o)
 .text.IwDebugErrorRegisterCallback
                0x00000000       0x1c C:\Marmalade\6.4\s3e\edk\lib\android/libedk.a(IwDebug.o)
 .text.IwDebugAssertSetUID
                0x00000000       0x14 C:\Marmalade\6.4\s3e\edk\lib\android/libedk.a(IwDebug.o)
 .text.IwDebugClearConfigCache
                0x00000000       0x80 C:\Marmalade\6.4\s3e\edk\lib\android/libedk.a(IwDebug.o)
 .text.IwDebugErrorShow
                0x00000000       0xec C:\Marmalade\6.4\s3e\edk\lib\android/libedk.a(IwDebug.o)
 .text.IwDebugTraceLineVPrintf
                0x00000000       0xfc C:\Marmalade\6.4\s3e\edk\lib\android/libedk.a(IwDebug.o)
 .text.IwDebugAssertIsChannelOn
                0x00000000      0x204 C:\Marmalade\6.4\s3e\edk\lib\android/libedk.a(IwDebug.o)
 .text.IwDebugTraceDisable
                0x00000000       0x10 C:\Marmalade\6.4\s3e\edk\lib\android/libedk.a(IwDebug.o)
 .text.IwDebugAssertSetMessage
                0x00000000       0xfc C:\Marmalade\6.4\s3e\edk\lib\android/libedk.a(IwDebug.o)
 .text.IwDebugAssertSetSolution
                0x00000000       0xa0 C:\Marmalade\6.4\s3e\edk\lib\android/libedk.a(IwDebug.o)
 .text.IwDebugAssertShow
                0x00000000      0x2d0 C:\Marmalade\6.4\s3e\edk\lib\android/libedk.a(IwDebug.o)
 .text.IwDebugTraceChannelSwitch
                0x00000000      0x4c4 C:\Marmalade\6.4\s3e\edk\lib\android/libedk.a(IwDebug.o)
 .note.GNU-stack
                0x00000000        0x0 C:\Marmalade\6.4\s3e\edk\lib\android/libedk.a(IwDebug.o)
 .text          0x00000000        0x0 C:\Marmalade\6.4\s3e\edk\lib\android/libedk.a(edk_helpers.o)
 .data          0x00000000        0x0 C:\Marmalade\6.4\s3e\edk\lib\android/libedk.a(edk_helpers.o)
 .bss           0x00000000        0x0 C:\Marmalade\6.4\s3e\edk\lib\android/libedk.a(edk_helpers.o)
 .text.s3eEdkThreadRunOnOSAsync
                0x00000000       0x30 C:\Marmalade\6.4\s3e\edk\lib\android/libedk.a(edk_helpers.o)
 .note.GNU-stack
                0x00000000        0x0 C:\Marmalade\6.4\s3e\edk\lib\android/libedk.a(edk_helpers.o)
 .data          0x00000000        0x0 c:/program files/adt-bundle-windows-x86_64-20130717/android-ndk-r8d/toolchains/arm-linux-androideabi-4.7/prebuilt/windows/bin/../lib/gcc/arm-linux-androideabi/4.7/libgcc.a(_aeabi_ldivmod.o)
 .bss           0x00000000        0x0 c:/program files/adt-bundle-windows-x86_64-20130717/android-ndk-r8d/toolchains/arm-linux-androideabi-4.7/prebuilt/windows/bin/../lib/gcc/arm-linux-androideabi/4.7/libgcc.a(_aeabi_ldivmod.o)
 .note.GNU-stack
                0x00000000        0x0 c:/program files/adt-bundle-windows-x86_64-20130717/android-ndk-r8d/toolchains/arm-linux-androideabi-4.7/prebuilt/windows/bin/../lib/gcc/arm-linux-androideabi/4.7/libgcc.a(_aeabi_ldivmod.o)
 .data          0x00000000        0x0 c:/program files/adt-bundle-windows-x86_64-20130717/android-ndk-r8d/toolchains/arm-linux-androideabi-4.7/prebuilt/windows/bin/../lib/gcc/arm-linux-androideabi/4.7/libgcc.a(_dvmd_lnx.o)
 .bss           0x00000000        0x0 c:/program files/adt-bundle-windows-x86_64-20130717/android-ndk-r8d/toolchains/arm-linux-androideabi-4.7/prebuilt/windows/bin/../lib/gcc/arm-linux-androideabi/4.7/libgcc.a(_dvmd_lnx.o)
 .note.GNU-stack
                0x00000000        0x0 c:/program files/adt-bundle-windows-x86_64-20130717/android-ndk-r8d/toolchains/arm-linux-androideabi-4.7/prebuilt/windows/bin/../lib/gcc/arm-linux-androideabi/4.7/libgcc.a(_dvmd_lnx.o)
 .data          0x00000000        0x0 c:/program files/adt-bundle-windows-x86_64-20130717/android-ndk-r8d/toolchains/arm-linux-androideabi-4.7/prebuilt/windows/bin/../lib/gcc/arm-linux-androideabi/4.7/libgcc.a(bpabi.o)
 .bss           0x00000000        0x0 c:/program files/adt-bundle-windows-x86_64-20130717/android-ndk-r8d/toolchains/arm-linux-androideabi-4.7/prebuilt/windows/bin/../lib/gcc/arm-linux-androideabi/4.7/libgcc.a(bpabi.o)
 .note.GNU-stack
                0x00000000        0x0 c:/program files/adt-bundle-windows-x86_64-20130717/android-ndk-r8d/toolchains/arm-linux-androideabi-4.7/prebuilt/windows/bin/../lib/gcc/arm-linux-androideabi/4.7/libgcc.a(bpabi.o)
 .data          0x00000000        0x0 c:/program files/adt-bundle-windows-x86_64-20130717/android-ndk-r8d/toolchains/arm-linux-androideabi-4.7/prebuilt/windows/bin/../lib/gcc/arm-linux-androideabi/4.7/libgcc.a(_divdi3.o)
 .bss           0x00000000        0x0 c:/program files/adt-bundle-windows-x86_64-20130717/android-ndk-r8d/toolchains/arm-linux-androideabi-4.7/prebuilt/windows/bin/../lib/gcc/arm-linux-androideabi/4.7/libgcc.a(_divdi3.o)
 .ARM.extab     0x00000000        0x0 c:/program files/adt-bundle-windows-x86_64-20130717/android-ndk-r8d/toolchains/arm-linux-androideabi-4.7/prebuilt/windows/bin/../lib/gcc/arm-linux-androideabi/4.7/libgcc.a(_divdi3.o)
 .note.GNU-stack
                0x00000000        0x0 c:/program files/adt-bundle-windows-x86_64-20130717/android-ndk-r8d/toolchains/arm-linux-androideabi-4.7/prebuilt/windows/bin/../lib/gcc/arm-linux-androideabi/4.7/libgcc.a(_divdi3.o)
 .data          0x00000000        0x0 c:/program files/adt-bundle-windows-x86_64-20130717/android-ndk-r8d/toolchains/arm-linux-androideabi-4.7/prebuilt/windows/bin/../lib/gcc/arm-linux-androideabi/4.7/libgcc.a(_udivdi3.o)
 .bss           0x00000000        0x0 c:/program files/adt-bundle-windows-x86_64-20130717/android-ndk-r8d/toolchains/arm-linux-androideabi-4.7/prebuilt/windows/bin/../lib/gcc/arm-linux-androideabi/4.7/libgcc.a(_udivdi3.o)
 .ARM.extab     0x00000000        0x0 c:/program files/adt-bundle-windows-x86_64-20130717/android-ndk-r8d/toolchains/arm-linux-androideabi-4.7/prebuilt/windows/bin/../lib/gcc/arm-linux-androideabi/4.7/libgcc.a(_udivdi3.o)
 .note.GNU-stack
                0x00000000        0x0 c:/program files/adt-bundle-windows-x86_64-20130717/android-ndk-r8d/toolchains/arm-linux-androideabi-4.7/prebuilt/windows/bin/../lib/gcc/arm-linux-androideabi/4.7/libgcc.a(_udivdi3.o)
 .data          0x00000000        0x0 c:/program files/adt-bundle-windows-x86_64-20130717/android-ndk-r8d/toolchains/arm-linux-androideabi-4.7/prebuilt/windows/bin/../lib/gcc/arm-linux-androideabi/4.7/libgcc.a(unwind-arm.o)
 .bss           0x00000000        0x0 c:/program files/adt-bundle-windows-x86_64-20130717/android-ndk-r8d/toolchains/arm-linux-androideabi-4.7/prebuilt/windows/bin/../lib/gcc/arm-linux-androideabi/4.7/libgcc.a(unwind-arm.o)
 .note.GNU-stack
                0x00000000        0x0 c:/program files/adt-bundle-windows-x86_64-20130717/android-ndk-r8d/toolchains/arm-linux-androideabi-4.7/prebuilt/windows/bin/../lib/gcc/arm-linux-androideabi/4.7/libgcc.a(unwind-arm.o)
 .data          0x00000000        0x0 c:/program files/adt-bundle-windows-x86_64-20130717/android-ndk-r8d/toolchains/arm-linux-androideabi-4.7/prebuilt/windows/bin/../lib/gcc/arm-linux-androideabi/4.7/libgcc.a(libunwind.o)
 .bss           0x00000000        0x0 c:/program files/adt-bundle-windows-x86_64-20130717/android-ndk-r8d/toolchains/arm-linux-androideabi-4.7/prebuilt/windows/bin/../lib/gcc/arm-linux-androideabi/4.7/libgcc.a(libunwind.o)
 .note.GNU-stack
                0x00000000        0x0 c:/program files/adt-bundle-windows-x86_64-20130717/android-ndk-r8d/toolchains/arm-linux-androideabi-4.7/prebuilt/windows/bin/../lib/gcc/arm-linux-androideabi/4.7/libgcc.a(libunwind.o)
 .data          0x00000000        0x0 c:/program files/adt-bundle-windows-x86_64-20130717/android-ndk-r8d/toolchains/arm-linux-androideabi-4.7/prebuilt/windows/bin/../lib/gcc/arm-linux-androideabi/4.7/libgcc.a(pr-support.o)
 .bss           0x00000000        0x0 c:/program files/adt-bundle-windows-x86_64-20130717/android-ndk-r8d/toolchains/arm-linux-androideabi-4.7/prebuilt/windows/bin/../lib/gcc/arm-linux-androideabi/4.7/libgcc.a(pr-support.o)
 .note.GNU-stack
                0x00000000        0x0 c:/program files/adt-bundle-windows-x86_64-20130717/android-ndk-r8d/toolchains/arm-linux-androideabi-4.7/prebuilt/windows/bin/../lib/gcc/arm-linux-androideabi/4.7/libgcc.a(pr-support.o)
 .data          0x00000000        0x0 c:/program files/adt-bundle-windows-x86_64-20130717/android-ndk-r8d/toolchains/arm-linux-androideabi-4.7/prebuilt/windows/bin/../lib/gcc/arm-linux-androideabi/4.7/libgcc.a(_udivsi3.o)
 .bss           0x00000000        0x0 c:/program files/adt-bundle-windows-x86_64-20130717/android-ndk-r8d/toolchains/arm-linux-androideabi-4.7/prebuilt/windows/bin/../lib/gcc/arm-linux-androideabi/4.7/libgcc.a(_udivsi3.o)
 .note.GNU-stack
                0x00000000        0x0 c:/program files/adt-bundle-windows-x86_64-20130717/android-ndk-r8d/toolchains/arm-linux-androideabi-4.7/prebuilt/windows/bin/../lib/gcc/arm-linux-androideabi/4.7/libgcc.a(_udivsi3.o)
 .text          0x00000000        0x0 C:/Program Files/adt-bundle-windows-x86_64-20130717/android-ndk-r8e/platforms/android-9/arch-arm/usr/lib/crtend_so.o
 .data          0x00000000        0x0 C:/Program Files/adt-bundle-windows-x86_64-20130717/android-ndk-r8e/platforms/android-9/arch-arm/usr/lib/crtend_so.o
 .bss           0x00000000        0x0 C:/Program Files/adt-bundle-windows-x86_64-20130717/android-ndk-r8e/platforms/android-9/arch-arm/usr/lib/crtend_so.o
 .note.GNU-stack
                0x00000000        0x0 C:/Program Files/adt-bundle-windows-x86_64-20130717/android-ndk-r8e/platforms/android-9/arch-arm/usr/lib/crtend_so.o

Memory map

 ** file header
                0x00000000       0x34
 ** segment headers
                0x00000034      0x100

.interp         0x00000134       0x13
 ** fill        0x00000134       0x13

.dynsym         0x00000148      0x620
 ** dynsym      0x00000148      0x620

.dynstr         0x00000768      0x73e
 ** string table
                0x00000768      0x73e

.hash           0x00000ea8      0x314
 ** hash        0x00000ea8      0x314

.rel.dyn        0x000011bc       0x78
 ** dynamic relocs
                0x000011bc       0x78

.rel.plt        0x00001234       0xe8
 ** dynamic relocs
                0x00001234       0xe8

.plt            0x0000131c      0x170
 ** PLT         0x0000131c      0x170

.text           0x0000148c     0x3508
 .text.exit     0x0000148c       0x10 C:/Program Files/adt-bundle-windows-x86_64-20130717/android-ndk-r8e/platforms/android-9/arch-arm/usr/lib/crtbegin_so.o
                0x0000148c                __on_dlclose
 .text._ZN7_JNIEnv9FindClassEPKc
                0x0000149c       0x38 debug\s3eAndroidXAPK_platform.os
                0x0000149c                _JNIEnv::FindClass(char const*)
 .text._ZN7_JNIEnv17ExceptionOccurredEv
                0x000014d4       0x30 debug\s3eAndroidXAPK_platform.os
                0x000014d4                _JNIEnv::ExceptionOccurred()
 .text._ZN7_JNIEnv17ExceptionDescribeEv
                0x00001504       0x28 debug\s3eAndroidXAPK_platform.os
                0x00001504                _JNIEnv::ExceptionDescribe()
 .text._ZN7_JNIEnv14ExceptionClearEv
                0x0000152c       0x28 debug\s3eAndroidXAPK_platform.os
                0x0000152c                _JNIEnv::ExceptionClear()
 .text._ZN7_JNIEnv12NewGlobalRefEP8_jobject
                0x00001554       0x38 debug\s3eAndroidXAPK_platform.os
                0x00001554                _JNIEnv::NewGlobalRef(_jobject*)
 .text._ZN7_JNIEnv15DeleteGlobalRefEP8_jobject
                0x0000158c       0x30 debug\s3eAndroidXAPK_platform.os
                0x0000158c                _JNIEnv::DeleteGlobalRef(_jobject*)
 .text._ZN7_JNIEnv14DeleteLocalRefEP8_jobject
                0x000015bc       0x30 debug\s3eAndroidXAPK_platform.os
                0x000015bc                _JNIEnv::DeleteLocalRef(_jobject*)
 .text._ZN7_JNIEnv9NewObjectEP7_jclassP10_jmethodIDz
                0x000015ec       0x58 debug\s3eAndroidXAPK_platform.os
                0x000015ec                _JNIEnv::NewObject(_jclass*, _jmethodID*, ...)
 .text._ZN7_JNIEnv11GetMethodIDEP7_jclassPKcS3_
                0x00001644       0x48 debug\s3eAndroidXAPK_platform.os
                0x00001644                _JNIEnv::GetMethodID(_jclass*, char const*, char const*)
 .text._ZN7_JNIEnv14CallVoidMethodEP8_jobjectP10_jmethodIDz
                0x0000168c       0x4c debug\s3eAndroidXAPK_platform.os
                0x0000168c                _JNIEnv::CallVoidMethod(_jobject*, _jmethodID*, ...)
 .text._ZN7_JNIEnv10GetFieldIDEP7_jclassPKcS3_
                0x000016d8       0x48 debug\s3eAndroidXAPK_platform.os
                0x000016d8                _JNIEnv::GetFieldID(_jclass*, char const*, char const*)
 .text._ZN7_JNIEnv14GetObjectFieldEP8_jobjectP9_jfieldID
                0x00001720       0x40 debug\s3eAndroidXAPK_platform.os
                0x00001720                _JNIEnv::GetObjectField(_jobject*, _jfieldID*)
 .text._ZN7_JNIEnv11GetIntFieldEP8_jobjectP9_jfieldID
                0x00001760       0x40 debug\s3eAndroidXAPK_platform.os
                0x00001760                _JNIEnv::GetIntField(_jobject*, _jfieldID*)
 .text._ZN7_JNIEnv12GetLongFieldEP8_jobjectP9_jfieldID
                0x000017a0       0x48 debug\s3eAndroidXAPK_platform.os
                0x000017a0                _JNIEnv::GetLongField(_jobject*, _jfieldID*)
 .text._ZN7_JNIEnv12NewStringUTFEPKc
                0x000017e8       0x38 debug\s3eAndroidXAPK_platform.os
                0x000017e8                _JNIEnv::NewStringUTF(char const*)
 .text._ZN7_JNIEnv14GetArrayLengthEP7_jarray
                0x00001820       0x38 debug\s3eAndroidXAPK_platform.os
                0x00001820                _JNIEnv::GetArrayLength(_jarray*)
 .text._ZN7_JNIEnv21GetObjectArrayElementEP13_jobjectArrayi
                0x00001858       0x40 debug\s3eAndroidXAPK_platform.os
                0x00001858                _JNIEnv::GetObjectArrayElement(_jobjectArray*, int)
 .text._ZN7_JNIEnv12NewByteArrayEi
                0x00001898       0x38 debug\s3eAndroidXAPK_platform.os
                0x00001898                _JNIEnv::NewByteArray(int)
 .text._ZN7_JNIEnv18SetByteArrayRegionEP11_jbyteArrayiiPKa
                0x000018d0       0x48 debug\s3eAndroidXAPK_platform.os
                0x000018d0                _JNIEnv::SetByteArrayRegion(_jbyteArray*, int, int, signed char const*)
 .text._ZN7_JNIEnv15RegisterNativesEP7_jclassPK15JNINativeMethodi
                0x00001918       0x48 debug\s3eAndroidXAPK_platform.os
                0x00001918                _JNIEnv::RegisterNatives(_jclass*, JNINativeMethod const*, int)
 .text._ZN7_JavaVM6GetEnvEPPvi
                0x00001960       0x40 debug\s3eAndroidXAPK_platform.os
                0x00001960                _JavaVM::GetEnv(void**, int)
 .text._ZL15s3eEdkJNIGetEnvv
                0x000019a0       0x40 debug\s3eAndroidXAPK_platform.os
 .text._ZL27s3eEdkAndroidFindClass_realPKc
                0x000019e0       0x8c debug\s3eAndroidXAPK_platform.os
 .text._ZL22s3eEdkAndroidFindClassPKc
                0x00001a6c       0x38 debug\s3eAndroidXAPK_platform.os
 .text._Z27s3eAndroidXAPKInit_platformv
                0x00001aa4      0x4b4 debug\s3eAndroidXAPK_platform.os
                0x00001aa4                s3eAndroidXAPKInit_platform()
 .text._Z32s3eAndroidXAPKTerminate_platformv
                0x00001f58        0x4 debug\s3eAndroidXAPK_platform.os
                0x00001f58                s3eAndroidXAPKTerminate_platform()
 .text._Z31s3eAndroidXAPKGetFiles_platformPKcPKviPFiPvS3_ES3_
                0x00001f5c      0x144 debug\s3eAndroidXAPK_platform.os
                0x00001f5c                s3eAndroidXAPKGetFiles_platform(char const*, void const*, int, int (*)(void*, void*), void*)
 .text._Z16responseReceivedP7_JNIEnvP8_jobjectS2_
                0x000020a0      0x328 debug\s3eAndroidXAPK_platform.os
                0x000020a0                responseReceived(_JNIEnv*, _jobject*, _jobject*)
 .text._Z15responseCleanupjiPvS_iS_
                0x000023c8       0xb4 debug\s3eAndroidXAPK_platform.os
                0x000023c8                responseCleanup(unsigned int, int, void*, void*, int, void*)
 .text._Z18s3eAndroidXAPKInitv
                0x0000247c       0x14 debug\s3eAndroidXAPK.os
                0x0000247c                s3eAndroidXAPKInit()
 .text._Z23s3eAndroidXAPKTerminatev
                0x00002490        0xc debug\s3eAndroidXAPK.os
                0x00002490                s3eAndroidXAPKTerminate()
 .text.s3eAndroidXAPKGetFiles
                0x0000249c       0x44 debug\s3eAndroidXAPK.os
                0x0000249c                s3eAndroidXAPKGetFiles
 .text._Z25s3eAndroidXAPKRegisterExtv
                0x000024e0       0x84 debug\s3eAndroidXAPK_register.os
                0x000024e0                s3eAndroidXAPKRegisterExt()
 .text.RegisterExt
                0x00002564        0xc debug\s3eAndroidXAPK_register.os
                0x00002564                RegisterExt
 .text.IwDebugTraceSetTraceChannel
                0x00002570       0x1c C:\Marmalade\6.4\s3e\edk\lib\android/libedk.a(IwDebug.o)
                0x00002570                IwDebugTraceSetTraceChannel
 .text._GLOBAL__I_Z__sdk_modules_iwcore_source_IwDebug.cpp
                0x0000258c       0xa4 C:\Marmalade\6.4\s3e\edk\lib\android/libedk.a(IwDebug.o)
 .text.IwDebugTraceIsChannelOn
                0x00002630      0x2b8 C:\Marmalade\6.4\s3e\edk\lib\android/libedk.a(IwDebug.o)
                0x00002630                IwDebugTraceIsChannelOn
 .text.IwDebugTraceLinePrintf
                0x000028e8      0x10c C:\Marmalade\6.4\s3e\edk\lib\android/libedk.a(IwDebug.o)
                0x000028e8                IwDebugTraceLinePrintf
 .text.s3eEdkThreadRunOnOS
                0x000029f4       0x30 C:\Marmalade\6.4\s3e\edk\lib\android/libedk.a(edk_helpers.o)
                0x000029f4                s3eEdkThreadRunOnOS
 .text.s3eEdkErrorSetString
                0x00002a24       0x30 C:\Marmalade\6.4\s3e\edk\lib\android/libedk.a(edk_helpers.o)
                0x00002a24                s3eEdkErrorSetString
 .text          0x00002a54       0x44 c:/program files/adt-bundle-windows-x86_64-20130717/android-ndk-r8d/toolchains/arm-linux-androideabi-4.7/prebuilt/windows/bin/../lib/gcc/arm-linux-androideabi/4.7/libgcc.a(_aeabi_ldivmod.o)
                0x00002a54                __aeabi_ldivmod
 .text          0x00002a98       0x10 c:/program files/adt-bundle-windows-x86_64-20130717/android-ndk-r8d/toolchains/arm-linux-androideabi-4.7/prebuilt/windows/bin/../lib/gcc/arm-linux-androideabi/4.7/libgcc.a(_dvmd_lnx.o)
                0x00002a98                __aeabi_idiv0
                0x00002a98                __aeabi_ldiv0
 .text          0x00002aa8       0x78 c:/program files/adt-bundle-windows-x86_64-20130717/android-ndk-r8d/toolchains/arm-linux-androideabi-4.7/prebuilt/windows/bin/../lib/gcc/arm-linux-androideabi/4.7/libgcc.a(bpabi.o)
                0x00002aa8                __gnu_ldivmod_helper
                0x00002ae4                __gnu_uldivmod_helper
 .text          0x00002b20      0x480 c:/program files/adt-bundle-windows-x86_64-20130717/android-ndk-r8d/toolchains/arm-linux-androideabi-4.7/prebuilt/windows/bin/../lib/gcc/arm-linux-androideabi/4.7/libgcc.a(_divdi3.o)
                0x00002b20                __divdi3
 .text          0x00002fa0      0x400 c:/program files/adt-bundle-windows-x86_64-20130717/android-ndk-r8d/toolchains/arm-linux-androideabi-4.7/prebuilt/windows/bin/../lib/gcc/arm-linux-androideabi/4.7/libgcc.a(_udivdi3.o)
                0x00002fa0                __udivdi3
 .text          0x000033a0      0xef4 c:/program files/adt-bundle-windows-x86_64-20130717/android-ndk-r8d/toolchains/arm-linux-androideabi-4.7/prebuilt/windows/bin/../lib/gcc/arm-linux-androideabi/4.7/libgcc.a(unwind-arm.o)
                0x00003e6c                __aeabi_unwind_cpp_pr0
                0x00003e64                __aeabi_unwind_cpp_pr1
                0x00003e5c                __aeabi_unwind_cpp_pr2
                0x000037dc                _Unwind_GetCFA
                0x000037e4                __gnu_Unwind_RaiseException
                0x00003888                __gnu_Unwind_ForcedUnwind
                0x000038a4                __gnu_Unwind_Resume
                0x0000391c                __gnu_Unwind_Resume_or_Rethrow
                0x0000393c                _Unwind_Complete
                0x00003940                _Unwind_DeleteException
                0x00003960                _Unwind_VRS_Get
                0x000039cc                _Unwind_VRS_Set
                0x00003e74                __gnu_Unwind_Backtrace
                0x00003f34                _Unwind_VRS_Pop
 .text          0x00004294      0x1a8 c:/program files/adt-bundle-windows-x86_64-20130717/android-ndk-r8d/toolchains/arm-linux-androideabi-4.7/prebuilt/windows/bin/../lib/gcc/arm-linux-androideabi/4.7/libgcc.a(libunwind.o)
                0x00004294                __restore_core_regs
                0x00004294                restore_core_regs
                0x000042a8                __gnu_Unwind_Restore_VFP
                0x000042b0                __gnu_Unwind_Save_VFP
                0x000042b8                __gnu_Unwind_Restore_VFP_D
                0x000042c0                __gnu_Unwind_Save_VFP_D
                0x000042c8                __gnu_Unwind_Restore_VFP_D_16_to_31
                0x000042d0                __gnu_Unwind_Save_VFP_D_16_to_31
                0x000042d8                __gnu_Unwind_Restore_WMMXD
                0x0000431c                __gnu_Unwind_Save_WMMXD
                0x00004360                __gnu_Unwind_Restore_WMMXC
                0x00004374                __gnu_Unwind_Save_WMMXC
                0x00004388                ___Unwind_RaiseException
                0x00004388                _Unwind_RaiseException
                0x000043ac                ___Unwind_Resume
                0x000043ac                _Unwind_Resume
                0x000043d0                ___Unwind_Resume_or_Rethrow
                0x000043d0                _Unwind_Resume_or_Rethrow
                0x000043f4                ___Unwind_ForcedUnwind
                0x000043f4                _Unwind_ForcedUnwind
                0x00004418                ___Unwind_Backtrace
                0x00004418                _Unwind_Backtrace
 .text          0x0000443c      0x490 c:/program files/adt-bundle-windows-x86_64-20130717/android-ndk-r8d/toolchains/arm-linux-androideabi-4.7/prebuilt/windows/bin/../lib/gcc/arm-linux-androideabi/4.7/libgcc.a(pr-support.o)
                0x000044c4                __gnu_unwind_execute
                0x00004850                __gnu_unwind_frame
                0x00004890                _Unwind_GetRegionStart
                0x000048a0                _Unwind_GetLanguageSpecificData
                0x000048bc                _Unwind_GetDataRelBase
                0x000048c4                _Unwind_GetTextRelBase
 .text          0xffffffffffffffff       0xc8 c:/program files/adt-bundle-windows-x86_64-20130717/android-ndk-r8d/toolchains/arm-linux-androideabi-4.7/prebuilt/windows/bin/../lib/gcc/arm-linux-androideabi/4.7/libgcc.a(_udivsi3.o)
                0x000048cc                __udivsi3
                0x000048cc                __aeabi_uidiv
                0x00004974                __aeabi_uidivmod

.rodata         0x00004994      0x2d4
 .rodata        0x00004994      0x1a4 debug\s3eAndroidXAPK_platform.os
 .rodata        0x00004b38       0x10 debug\s3eAndroidXAPK_register.os
 .rodata.str1.4
                0x00004b48      0x120 C:\Marmalade\6.4\s3e\edk\lib\android/libedk.a(IwDebug.o)

.ARM.exidx      0x00004c68       0xe8
 .ARM.exidx     0x00004c68        0x8 c:/program files/adt-bundle-windows-x86_64-20130717/android-ndk-r8d/toolchains/arm-linux-androideabi-4.7/prebuilt/windows/bin/../lib/gcc/arm-linux-androideabi/4.7/libgcc.a(_divdi3.o)
 .ARM.exidx     0xffffffffffffffff       0xd8 c:/program files/adt-bundle-windows-x86_64-20130717/android-ndk-r8d/toolchains/arm-linux-androideabi-4.7/prebuilt/windows/bin/../lib/gcc/arm-linux-androideabi/4.7/libgcc.a(unwind-arm.o)
 ** ARM cantunwind
                0x00004d10        0x8
 .ARM.exidx     0xffffffffffffffff       0x48 c:/program files/adt-bundle-windows-x86_64-20130717/android-ndk-r8d/toolchains/arm-linux-androideabi-4.7/prebuilt/windows/bin/../lib/gcc/arm-linux-androideabi/4.7/libgcc.a(pr-support.o)

.ARM.extab      0x00004d50       0x3c
 .ARM.extab     0x00004d50       0x24 c:/program files/adt-bundle-windows-x86_64-20130717/android-ndk-r8d/toolchains/arm-linux-androideabi-4.7/prebuilt/windows/bin/../lib/gcc/arm-linux-androideabi/4.7/libgcc.a(unwind-arm.o)
 .ARM.extab     0x00004d74       0x18 c:/program files/adt-bundle-windows-x86_64-20130717/android-ndk-r8d/toolchains/arm-linux-androideabi-4.7/prebuilt/windows/bin/../lib/gcc/arm-linux-androideabi/4.7/libgcc.a(pr-support.o)

.fini_array     0x00005e5c        0x8
 .fini_array    0x00005e5c        0x4 C:/Program Files/adt-bundle-windows-x86_64-20130717/android-ndk-r8e/platforms/android-9/arch-arm/usr/lib/crtbegin_so.o
 .fini_array    0x00005e60        0x4 C:/Program Files/adt-bundle-windows-x86_64-20130717/android-ndk-r8e/platforms/android-9/arch-arm/usr/lib/crtend_so.o

.data.rel.ro    0x00005e64        0xc
 .data.rel.ro   0x00005e64        0xc debug\s3eAndroidXAPK_platform.os

.init_array     0x00005e70        0x8
 .init_array    0x00005e70        0x4 C:\Marmalade\6.4\s3e\edk\lib\android/libedk.a(IwDebug.o)
 .init_array    0x00005e74        0x4 C:/Program Files/adt-bundle-windows-x86_64-20130717/android-ndk-r8e/platforms/android-9/arch-arm/usr/lib/crtend_so.o

.dynamic        0x00005e78       0xe0
 ** dynamic     0x00005e78       0xe0

.got            0x00005f58       0xa8
 ** GOT         0x00005f58       0x28
 ** GOT PLT     0x00005f80       0x80

.data           0x00006000        0x4
 .data          0x00006000        0x4 C:/Program Files/adt-bundle-windows-x86_64-20130717/android-ndk-r8e/platforms/android-9/arch-arm/usr/lib/crtbegin_so.o
                0x00006000                __dso_handle

.bss            0x00006004     0x1a44
 .bss           0x00006004       0x1c debug\s3eAndroidXAPK_platform.os
 .bss           0x00006020     0x1a28 C:\Marmalade\6.4\s3e\edk\lib\android/libedk.a(IwDebug.o)
                0x00006020                g_DebugGlobals
