Archive member included because of file (symbol)

C:\Marmalade\6.4\s3e\edk\lib\android/libedk.a(IwDebug.o)
                              debug\s3eAndroidXAPK_platform.os (IwDebugTraceSetTraceChannel)
C:\Marmalade\6.4\s3e\edk\lib\android/libedk.a(edk_helpers.o)
                              debug\s3eAndroidXAPK_platform.os (s3eEdkThreadRunOnOS)
c:/program files/adt-bundle-windows-x86_64-20130717/android-ndk-r8d/toolchains/arm-linux-androideabi-4.7/prebuilt/windows/bin/../lib/gcc/arm-linux-androideabi/4.7/libgcc.a(_aeabi_ldivmod.o)
                              C:\Marmalade\6.4\s3e\edk\lib\android/libedk.a(IwDebug.o) (__aeabi_ldivmod)
c:/program files/adt-bundle-windows-x86_64-20130717/android-ndk-r8d/toolchains/arm-linux-androideabi-4.7/prebuilt/windows/bin/../lib/gcc/arm-linux-androideabi/4.7/libgcc.a(_dvmd_lnx.o)
                              c:/program files/adt-bundle-windows-x86_64-20130717/android-ndk-r8d/toolchains/arm-linux-androideabi-4.7/prebuilt/windows/bin/../lib/gcc/arm-linux-androideabi/4.7/libgcc.a(_aeabi_ldivmod.o) (__aeabi_ldiv0)
c:/program files/adt-bundle-windows-x86_64-20130717/android-ndk-r8d/toolchains/arm-linux-androideabi-4.7/prebuilt/windows/bin/../lib/gcc/arm-linux-androideabi/4.7/libgcc.a(bpabi.o)
                              c:/program files/adt-bundle-windows-x86_64-20130717/android-ndk-r8d/toolchains/arm-linux-androideabi-4.7/prebuilt/windows/bin/../lib/gcc/arm-linux-androideabi/4.7/libgcc.a(_aeabi_ldivmod.o) (__gnu_ldivmod_helper)
c:/program files/adt-bundle-windows-x86_64-20130717/android-ndk-r8d/toolchains/arm-linux-androideabi-4.7/prebuilt/windows/bin/../lib/gcc/arm-linux-androideabi/4.7/libgcc.a(_divdi3.o)
                              c:/program files/adt-bundle-windows-x86_64-20130717/android-ndk-r8d/toolchains/arm-linux-androideabi-4.7/prebuilt/windows/bin/../lib/gcc/arm-linux-androideabi/4.7/libgcc.a(bpabi.o) (__divdi3)
c:/program files/adt-bundle-windows-x86_64-20130717/android-ndk-r8d/toolchains/arm-linux-androideabi-4.7/prebuilt/windows/bin/../lib/gcc/arm-linux-androideabi/4.7/libgcc.a(_udivdi3.o)
                              c:/program files/adt-bundle-windows-x86_64-20130717/android-ndk-r8d/toolchains/arm-linux-androideabi-4.7/prebuilt/windows/bin/../lib/gcc/arm-linux-androideabi/4.7/libgcc.a(bpabi.o) (__udivdi3)
c:/program files/adt-bundle-windows-x86_64-20130717/android-ndk-r8d/toolchains/arm-linux-androideabi-4.7/prebuilt/windows/bin/../lib/gcc/arm-linux-androideabi/4.7/libgcc.a(unwind-arm.o)
                              c:/program files/adt-bundle-windows-x86_64-20130717/android-ndk-r8d/toolchains/arm-linux-androideabi-4.7/prebuilt/windows/bin/../lib/gcc/arm-linux-androideabi/4.7/libgcc.a(_divdi3.o) (__aeabi_unwind_cpp_pr0)
c:/program files/adt-bundle-windows-x86_64-20130717/android-ndk-r8d/toolchains/arm-linux-androideabi-4.7/prebuilt/windows/bin/../lib/gcc/arm-linux-androideabi/4.7/libgcc.a(libunwind.o)
                              c:/program files/adt-bundle-windows-x86_64-20130717/android-ndk-r8d/toolchains/arm-linux-androideabi-4.7/prebuilt/windows/bin/../lib/gcc/arm-linux-androideabi/4.7/libgcc.a(unwind-arm.o) (restore_core_regs)
c:/program files/adt-bundle-windows-x86_64-20130717/android-ndk-r8d/toolchains/arm-linux-androideabi-4.7/prebuilt/windows/bin/../lib/gcc/arm-linux-androideabi/4.7/libgcc.a(pr-support.o)
                              c:/program files/adt-bundle-windows-x86_64-20130717/android-ndk-r8d/toolchains/arm-linux-androideabi-4.7/prebuilt/windows/bin/../lib/gcc/arm-linux-androideabi/4.7/libgcc.a(unwind-arm.o) (__gnu_unwind_execute)
c:/program files/adt-bundle-windows-x86_64-20130717/android-ndk-r8d/toolchains/arm-linux-androideabi-4.7/prebuilt/windows/bin/../lib/gcc/arm-linux-androideabi/4.7/libgcc.a(_udivsi3.o)
                              c:/program files/adt-bundle-windows-x86_64-20130717/android-ndk-r8d/toolchains/arm-linux-androideabi-4.7/prebuilt/windows/bin/../lib/gcc/arm-linux-androideabi/4.7/libgcc.a(_divdi3.o) (__aeabi_uidiv)

Discarded input sections

 .text          0x00000000       0x14 C:/Program Files/adt-bundle-windows-x86_64-20130717/android-ndk-r8e/platforms/android-9/arch-arm/usr/lib/crtbegin_so.o
 .bss           0x00000000        0x0 C:/Program Files/adt-bundle-windows-x86_64-20130717/android-ndk-r8e/platforms/android-9/arch-arm/usr/lib/crtbegin_so.o
 .note.GNU-stack
                0x00000000        0x0 C:/Program Files/adt-bundle-windows-x86_64-20130717/android-ndk-r8e/platforms/android-9/arch-arm/usr/lib/crtbegin_so.o
 .group         0x00000000        0x8 debug\s3eAndroidXAPK_platform.os
 .group         0x00000000        0x8 debug\s3eAndroidXAPK_platform.os
 .group         0x00000000        0x8 debug\s3eAndroidXAPK_platform.os
 .group         0x00000000        0x8 debug\s3eAndroidXAPK_platform.os
 .group         0x00000000        0x8 debug\s3eAndroidXAPK_platform.os
 .group         0x00000000        0x8 debug\s3eAndroidXAPK_platform.os
 .group         0x00000000        0x8 debug\s3eAndroidXAPK_platform.os
 .group         0x00000000        0x8 debug\s3eAndroidXAPK_platform.os
 .group         0x00000000        0x8 debug\s3eAndroidXAPK_platform.os
 .group         0x00000000        0x8 debug\s3eAndroidXAPK_platform.os
 .group         0x00000000        0x8 debug\s3eAndroidXAPK_platform.os
 .group         0x00000000        0x8 debug\s3eAndroidXAPK_platform.os
 .group         0x00000000        0x8 debug\s3eAndroidXAPK_platform.os
 .group         0x00000000        0x8 debug\s3eAndroidXAPK_platform.os
 .group         0x00000000        0x8 debug\s3eAndroidXAPK_platform.os
 .group         0x00000000        0x8 debug\s3eAndroidXAPK_platform.os
 .text          0x00000000        0x0 debug\s3eAndroidXAPK_platform.os
 .data          0x00000000        0x0 debug\s3eAndroidXAPK_platform.os
 .note.GNU-stack
                0x00000000        0x0 debug\s3eAndroidXAPK_platform.os
 .text          0x00000000        0x0 debug\s3eAndroidXAPK.os
 .data          0x00000000        0x0 debug\s3eAndroidXAPK.os
 .bss           0x00000000        0x0 debug\s3eAndroidXAPK.os
 .note.GNU-stack
                0x00000000        0x0 debug\s3eAndroidXAPK.os
 .text          0x00000000        0x0 debug\s3eAndroidXAPK_register.os
 .data          0x00000000        0x0 debug\s3eAndroidXAPK_register.os
 .bss           0x00000000        0x0 debug\s3eAndroidXAPK_register.os
 .note.GNU-stack
                0x00000000        0x0 debug\s3eAndroidXAPK_register.os
 .text          0x00000000        0x0 C:\Marmalade\6.4\s3e\edk\lib\android/libedk.a(IwDebug.o)
 .data          0x00000000        0x0 C:\Marmalade\6.4\s3e\edk\lib\android/libedk.a(IwDebug.o)
 .text.IwAssertRegisterTextCallback
                0x00000000       0x1c C:\Marmalade\6.4\s3e\edk\lib\android/libedk.a(IwDebug.o)
 .text.IwAssertRegisterCallback
                0x00000000       0x1c C:\Marmalade\6.4\s3e\edk\lib\android/libedk.a(IwDebug.o)
 .text.IwDebugErrorRegisterCallback
                0x00000000       0x1c C:\Marmalade\6.4\s3e\edk\lib\android/libedk.a(IwDebug.o)
 .text.IwDebugAssertSetUID
                0x00000000       0x14 C:\Marmalade\6.4\s3e\edk\lib\android/libedk.a(IwDebug.o)
 .text.IwDebugClearConfigCache
                0x00000000       0x80 C:\Marmalade\6.4\s3e\edk\lib\android/libedk.a(IwDebug.o)
 .text.IwDebugErrorShow
                0x00000000       0xec C:\Marmalade\6.4\s3e\edk\lib\android/libedk.a(IwDebug.o)
 .text.IwDebugTraceLineVPrintf
                0x00000000       0xfc C:\Marmalade\6.4\s3e\edk\lib\android/libedk.a(IwDebug.o)
 .text.IwDebugAssertIsChannelOn
                0x00000000      0x204 C:\Marmalade\6.4\s3e\edk\lib\android/libedk.a(IwDebug.o)
 .text.IwDebugTraceDisable
                0x00000000       0x10 C:\Marmalade\6.4\s3e\edk\lib\android/libedk.a(IwDebug.o)
 .text.IwDebugAssertSetMessage
                0x00000000       0xfc C:\Marmalade\6.4\s3e\edk\lib\android/libedk.a(IwDebug.o)
 .text.IwDebugAssertSetSolution
                0x00000000       0xa0 C:\Marmalade\6.4\s3e\edk\lib\android/libedk.a(IwDebug.o)
 .text.IwDebugAssertShow
                0x00000000      0x2d0 C:\Marmalade\6.4\s3e\edk\lib\android/libedk.a(IwDebug.o)
 .text.IwDebugTraceChannelSwitch
                0x00000000      0x4c4 C:\Marmalade\6.4\s3e\edk\lib\android/libedk.a(IwDebug.o)
 .note.GNU-stack
                0x00000000        0x0 C:\Marmalade\6.4\s3e\edk\lib\android/libedk.a(IwDebug.o)
 .text          0x00000000        0x0 C:\Marmalade\6.4\s3e\edk\lib\android/libedk.a(edk_helpers.o)
 .data          0x00000000        0x0 C:\Marmalade\6.4\s3e\edk\lib\android/libedk.a(edk_helpers.o)
 .bss           0x00000000        0x0 C:\Marmalade\6.4\s3e\edk\lib\android/libedk.a(edk_helpers.o)
 .text.s3eEdkThreadRunOnOSAsync
                0x00000000       0x30 C:\Marmalade\6.4\s3e\edk\lib\android/libedk.a(edk_helpers.o)
 .note.GNU-stack
                0x00000000        0x0 C:\Marmalade\6.4\s3e\edk\lib\android/libedk.a(edk_helpers.o)
 .data          0x00000000        0x0 c:/program files/adt-bundle-windows-x86_64-20130717/android-ndk-r8d/toolchains/arm-linux-androideabi-4.7/prebuilt/windows/bin/../lib/gcc/arm-linux-androideabi/4.7/libgcc.a(_aeabi_ldivmod.o)
 .bss           0x00000000        0x0 c:/program files/adt-bundle-windows-x86_64-20130717/android-ndk-r8d/toolchains/arm-linux-androideabi-4.7/prebuilt/windows/bin/../lib/gcc/arm-linux-androideabi/4.7/libgcc.a(_aeabi_ldivmod.o)
 .note.GNU-stack
                0x00000000        0x0 c:/program files/adt-bundle-windows-x86_64-20130717/android-ndk-r8d/toolchains/arm-linux-androideabi-4.7/prebuilt/windows/bin/../lib/gcc/arm-linux-androideabi/4.7/libgcc.a(_aeabi_ldivmod.o)
 .data          0x00000000        0x0 c:/program files/adt-bundle-windows-x86_64-20130717/android-ndk-r8d/toolchains/arm-linux-androideabi-4.7/prebuilt/windows/bin/../lib/gcc/arm-linux-androideabi/4.7/libgcc.a(_dvmd_lnx.o)
 .bss           0x00000000        0x0 c:/program files/adt-bundle-windows-x86_64-20130717/android-ndk-r8d/toolchains/arm-linux-androideabi-4.7/prebuilt/windows/bin/../lib/gcc/arm-linux-androideabi/4.7/libgcc.a(_dvmd_lnx.o)
 .note.GNU-stack
                0x00000000        0x0 c:/program files/adt-bundle-windows-x86_64-20130717/android-ndk-r8d/toolchains/arm-linux-androideabi-4.7/prebuilt/windows/bin/../lib/gcc/arm-linux-androideabi/4.7/libgcc.a(_dvmd_lnx.o)
 .data          0x00000000        0x0 c:/program files/adt-bundle-windows-x86_64-20130717/android-ndk-r8d/toolchains/arm-linux-androideabi-4.7/prebuilt/windows/bin/../lib/gcc/arm-linux-androideabi/4.7/libgcc.a(bpabi.o)
 .bss           0x00000000        0x0 c:/program files/adt-bundle-windows-x86_64-20130717/android-ndk-r8d/toolchains/arm-linux-androideabi-4.7/prebuilt/windows/bin/../lib/gcc/arm-linux-androideabi/4.7/libgcc.a(bpabi.o)
 .note.GNU-stack
                0x00000000        0x0 c:/program files/adt-bundle-windows-x86_64-20130717/android-ndk-r8d/toolchains/arm-linux-androideabi-4.7/prebuilt/windows/bin/../lib/gcc/arm-linux-androideabi/4.7/libgcc.a(bpabi.o)
 .data          0x00000000        0x0 c:/program files/adt-bundle-windows-x86_64-20130717/android-ndk-r8d/toolchains/arm-linux-androideabi-4.7/prebuilt/windows/bin/../lib/gcc/arm-linux-androideabi/4.7/libgcc.a(_divdi3.o)
 .bss           0x00000000        0x0 c:/program files/adt-bundle-windows-x86_64-20130717/android-ndk-r8d/toolchains/arm-linux-androideabi-4.7/prebuilt/windows/bin/../lib/gcc/arm-linux-androideabi/4.7/libgcc.a(_divdi3.o)
 .ARM.extab     0x00000000        0x0 c:/program files/adt-bundle-windows-x86_64-20130717/android-ndk-r8d/toolchains/arm-linux-androideabi-4.7/prebuilt/windows/bin/../lib/gcc/arm-linux-androideabi/4.7/libgcc.a(_divdi3.o)
 .note.GNU-stack
                0x00000000        0x0 c:/program files/adt-bundle-windows-x86_64-20130717/android-ndk-r8d/toolchains/arm-linux-androideabi-4.7/prebuilt/windows/bin/../lib/gcc/arm-linux-androideabi/4.7/libgcc.a(_divdi3.o)
 .data          0x00000000        0x0 c:/program files/adt-bundle-windows-x86_64-20130717/android-ndk-r8d/toolchains/arm-linux-androideabi-4.7/prebuilt/windows/bin/../lib/gcc/arm-linux-androideabi/4.7/libgcc.a(_udivdi3.o)
 .bss           0x00000000        0x0 c:/program files/adt-bundle-windows-x86_64-20130717/android-ndk-r8d/toolchains/arm-linux-androideabi-4.7/prebuilt/windows/bin/../lib/gcc/arm-linux-androideabi/4.7/libgcc.a(_udivdi3.o)
 .ARM.extab     0x00000000        0x0 c:/program files/adt-bundle-windows-x86_64-20130717/android-ndk-r8d/toolchains/arm-linux-androideabi-4.7/prebuilt/windows/bin/../lib/gcc/arm-linux-androideabi/4.7/libgcc.a(_udivdi3.o)
 .note.GNU-stack
                0x00000000        0x0 c:/program files/adt-bundle-windows-x86_64-20130717/android-ndk-r8d/toolchains/arm-linux-androideabi-4.7/prebuilt/windows/bin/../lib/gcc/arm-linux-androideabi/4.7/libgcc.a(_udivdi3.o)
 .data          0x00000000        0x0 c:/program files/adt-bundle-windows-x86_64-20130717/android-ndk-r8d/toolchains/arm-linux-androideabi-4.7/prebuilt/windows/bin/../lib/gcc/arm-linux-androideabi/4.7/libgcc.a(unwind-arm.o)
 .bss           0x00000000        0x0 c:/program files/adt-bundle-windows-x86_64-20130717/android-ndk-r8d/toolchains/arm-linux-androideabi-4.7/prebuilt/windows/bin/../lib/gcc/arm-linux-androideabi/4.7/libgcc.a(unwind-arm.o)
 .note.GNU-stack
                0x00000000        0x0 c:/program files/adt-bundle-windows-x86_64-20130717/android-ndk-r8d/toolchains/arm-linux-androideabi-4.7/prebuilt/windows/bin/../lib/gcc/arm-linux-androideabi/4.7/libgcc.a(unwind-arm.o)
 .data          0x00000000        0x0 c:/program files/adt-bundle-windows-x86_64-20130717/android-ndk-r8d/toolchains/arm-linux-androideabi-4.7/prebuilt/windows/bin/../lib/gcc/arm-linux-androideabi/4.7/libgcc.a(libunwind.o)
 .bss           0x00000000        0x0 c:/program files/adt-bundle-windows-x86_64-20130717/android-ndk-r8d/toolchains/arm-linux-androideabi-4.7/prebuilt/windows/bin/../lib/gcc/arm-linux-androideabi/4.7/libgcc.a(libunwind.o)
 .note.GNU-stack
                0x00000000        0x0 c:/program files/adt-bundle-windows-x86_64-20130717/android-ndk-r8d/toolchains/arm-linux-androideabi-4.7/prebuilt/windows/bin/../lib/gcc/arm-linux-androideabi/4.7/libgcc.a(libunwind.o)
 .data          0x00000000        0x0 c:/program files/adt-bundle-windows-x86_64-20130717/android-ndk-r8d/toolchains/arm-linux-androideabi-4.7/prebuilt/windows/bin/../lib/gcc/arm-linux-androideabi/4.7/libgcc.a(pr-support.o)
 .bss           0x00000000        0x0 c:/program files/adt-bundle-windows-x86_64-20130717/android-ndk-r8d/toolchains/arm-linux-androideabi-4.7/prebuilt/windows/bin/../lib/gcc/arm-linux-androideabi/4.7/libgcc.a(pr-support.o)
 .note.GNU-stack
                0x00000000        0x0 c:/program files/adt-bundle-windows-x86_64-20130717/android-ndk-r8d/toolchains/arm-linux-androideabi-4.7/prebuilt/windows/bin/../lib/gcc/arm-linux-androideabi/4.7/libgcc.a(pr-support.o)
 .data          0x00000000        0x0 c:/program files/adt-bundle-windows-x86_64-20130717/android-ndk-r8d/toolchains/arm-linux-androideabi-4.7/prebuilt/windows/bin/../lib/gcc/arm-linux-androideabi/4.7/libgcc.a(_udivsi3.o)
 .bss           0x00000000        0x0 c:/program files/adt-bundle-windows-x86_64-20130717/android-ndk-r8d/toolchains/arm-linux-androideabi-4.7/prebuilt/windows/bin/../lib/gcc/arm-linux-androideabi/4.7/libgcc.a(_udivsi3.o)
 .note.GNU-stack
                0x00000000        0x0 c:/program files/adt-bundle-windows-x86_64-20130717/android-ndk-r8d/toolchains/arm-linux-androideabi-4.7/prebuilt/windows/bin/../lib/gcc/arm-linux-androideabi/4.7/libgcc.a(_udivsi3.o)
 .text          0x00000000        0x0 C:/Program Files/adt-bundle-windows-x86_64-20130717/android-ndk-r8e/platforms/android-9/arch-arm/usr/lib/crtend_so.o
 .data          0x00000000        0x0 C:/Program Files/adt-bundle-windows-x86_64-20130717/android-ndk-r8e/platforms/android-9/arch-arm/usr/lib/crtend_so.o
 .bss           0x00000000        0x0 C:/Program Files/adt-bundle-windows-x86_64-20130717/android-ndk-r8e/platforms/android-9/arch-arm/usr/lib/crtend_so.o
 .note.GNU-stack
                0x00000000        0x0 C:/Program Files/adt-bundle-windows-x86_64-20130717/android-ndk-r8e/platforms/android-9/arch-arm/usr/lib/crtend_so.o

Memory map

 ** file header
                0x00000000       0x34
 ** segment headers
                0x00000034      0x100

.interp         0x00000134       0x13
 ** fill        0x00000134       0x13

.dynsym         0x00000148      0x5e0
 ** dynsym      0x00000148      0x5e0

.dynstr         0x00000728      0x6ec
 ** string table
                0x00000728      0x6ec

.hash           0x00000e14      0x28c
 ** hash        0x00000e14      0x28c

.rel.dyn        0x000010a0       0x78
 ** dynamic relocs
                0x000010a0       0x78

.rel.plt        0x00001118       0xc8
 ** dynamic relocs
                0x00001118       0xc8

.plt            0x000011e0      0x140
 ** PLT         0x000011e0      0x140

.text           0x00001320     0x30c8
 .text.exit     0x00001320       0x10 C:/Program Files/adt-bundle-windows-x86_64-20130717/android-ndk-r8e/platforms/android-9/arch-arm/usr/lib/crtbegin_so.o
                0x00001320                __on_dlclose
 .text._ZN7_JNIEnv9FindClassEPKc
                0x00001330       0x38 debug\s3eAndroidXAPK_platform.os
                0x00001330                _JNIEnv::FindClass(char const*)
 .text._ZN7_JNIEnv17ExceptionOccurredEv
                0x00001368       0x30 debug\s3eAndroidXAPK_platform.os
                0x00001368                _JNIEnv::ExceptionOccurred()
 .text._ZN7_JNIEnv17ExceptionDescribeEv
                0x00001398       0x28 debug\s3eAndroidXAPK_platform.os
                0x00001398                _JNIEnv::ExceptionDescribe()
 .text._ZN7_JNIEnv14ExceptionClearEv
                0x000013c0       0x28 debug\s3eAndroidXAPK_platform.os
                0x000013c0                _JNIEnv::ExceptionClear()
 .text._ZN7_JNIEnv12NewGlobalRefEP8_jobject
                0x000013e8       0x38 debug\s3eAndroidXAPK_platform.os
                0x000013e8                _JNIEnv::NewGlobalRef(_jobject*)
 .text._ZN7_JNIEnv15DeleteGlobalRefEP8_jobject
                0x00001420       0x30 debug\s3eAndroidXAPK_platform.os
                0x00001420                _JNIEnv::DeleteGlobalRef(_jobject*)
 .text._ZN7_JNIEnv14DeleteLocalRefEP8_jobject
                0x00001450       0x30 debug\s3eAndroidXAPK_platform.os
                0x00001450                _JNIEnv::DeleteLocalRef(_jobject*)
 .text._ZN7_JNIEnv9NewObjectEP7_jclassP10_jmethodIDz
                0x00001480       0x58 debug\s3eAndroidXAPK_platform.os
                0x00001480                _JNIEnv::NewObject(_jclass*, _jmethodID*, ...)
 .text._ZN7_JNIEnv11GetMethodIDEP7_jclassPKcS3_
                0x000014d8       0x48 debug\s3eAndroidXAPK_platform.os
                0x000014d8                _JNIEnv::GetMethodID(_jclass*, char const*, char const*)
 .text._ZN7_JNIEnv14CallVoidMethodEP8_jobjectP10_jmethodIDz
                0x00001520       0x4c debug\s3eAndroidXAPK_platform.os
                0x00001520                _JNIEnv::CallVoidMethod(_jobject*, _jmethodID*, ...)
 .text._ZN7_JNIEnv10GetFieldIDEP7_jclassPKcS3_
                0x0000156c       0x48 debug\s3eAndroidXAPK_platform.os
                0x0000156c                _JNIEnv::GetFieldID(_jclass*, char const*, char const*)
 .text._ZN7_JNIEnv12NewStringUTFEPKc
                0x000015b4       0x38 debug\s3eAndroidXAPK_platform.os
                0x000015b4                _JNIEnv::NewStringUTF(char const*)
 .text._ZN7_JNIEnv12NewByteArrayEi
                0x000015ec       0x38 debug\s3eAndroidXAPK_platform.os
                0x000015ec                _JNIEnv::NewByteArray(int)
 .text._ZN7_JNIEnv18SetByteArrayRegionEP11_jbyteArrayiiPKa
                0x00001624       0x48 debug\s3eAndroidXAPK_platform.os
                0x00001624                _JNIEnv::SetByteArrayRegion(_jbyteArray*, int, int, signed char const*)
 .text._ZN7_JNIEnv15RegisterNativesEP7_jclassPK15JNINativeMethodi
                0x0000166c       0x48 debug\s3eAndroidXAPK_platform.os
                0x0000166c                _JNIEnv::RegisterNatives(_jclass*, JNINativeMethod const*, int)
 .text._ZN7_JavaVM6GetEnvEPPvi
                0x000016b4       0x40 debug\s3eAndroidXAPK_platform.os
                0x000016b4                _JavaVM::GetEnv(void**, int)
 .text._ZL15s3eEdkJNIGetEnvv
                0x000016f4       0x40 debug\s3eAndroidXAPK_platform.os
 .text._ZL27s3eEdkAndroidFindClass_realPKc
                0x00001734       0x8c debug\s3eAndroidXAPK_platform.os
 .text._ZL22s3eEdkAndroidFindClassPKc
                0x000017c0       0x38 debug\s3eAndroidXAPK_platform.os
 .text._Z27s3eAndroidXAPKInit_platformv
                0x000017f8      0x4b4 debug\s3eAndroidXAPK_platform.os
                0x000017f8                s3eAndroidXAPKInit_platform()
 .text._Z32s3eAndroidXAPKTerminate_platformv
                0x00001cac        0x4 debug\s3eAndroidXAPK_platform.os
                0x00001cac                s3eAndroidXAPKTerminate_platform()
 .text._Z31s3eAndroidXAPKGetFiles_platformPKcPKviPFiPvS3_ES3_
                0x00001cb0      0x144 debug\s3eAndroidXAPK_platform.os
                0x00001cb0                s3eAndroidXAPKGetFiles_platform(char const*, void const*, int, int (*)(void*, void*), void*)
 .text._Z16responseReceivedP7_JNIEnvP8_jobjectS2_
                0x00001df4       0xdc debug\s3eAndroidXAPK_platform.os
                0x00001df4                responseReceived(_JNIEnv*, _jobject*, _jobject*)
 .text._Z18s3eAndroidXAPKInitv
                0x00001ed0       0x14 debug\s3eAndroidXAPK.os
                0x00001ed0                s3eAndroidXAPKInit()
 .text._Z23s3eAndroidXAPKTerminatev
                0x00001ee4        0xc debug\s3eAndroidXAPK.os
                0x00001ee4                s3eAndroidXAPKTerminate()
 .text.s3eAndroidXAPKGetFiles
                0x00001ef0       0x44 debug\s3eAndroidXAPK.os
                0x00001ef0                s3eAndroidXAPKGetFiles
 .text._Z25s3eAndroidXAPKRegisterExtv
                0x00001f34       0x84 debug\s3eAndroidXAPK_register.os
                0x00001f34                s3eAndroidXAPKRegisterExt()
 .text.RegisterExt
                0x00001fb8        0xc debug\s3eAndroidXAPK_register.os
                0x00001fb8                RegisterExt
 .text.IwDebugTraceSetTraceChannel
                0x00001fc4       0x1c C:\Marmalade\6.4\s3e\edk\lib\android/libedk.a(IwDebug.o)
                0x00001fc4                IwDebugTraceSetTraceChannel
 .text._GLOBAL__I_Z__sdk_modules_iwcore_source_IwDebug.cpp
                0x00001fe0       0xa4 C:\Marmalade\6.4\s3e\edk\lib\android/libedk.a(IwDebug.o)
 .text.IwDebugTraceIsChannelOn
                0x00002084      0x2b8 C:\Marmalade\6.4\s3e\edk\lib\android/libedk.a(IwDebug.o)
                0x00002084                IwDebugTraceIsChannelOn
 .text.IwDebugTraceLinePrintf
                0x0000233c      0x10c C:\Marmalade\6.4\s3e\edk\lib\android/libedk.a(IwDebug.o)
                0x0000233c                IwDebugTraceLinePrintf
 .text.s3eEdkThreadRunOnOS
                0x00002448       0x30 C:\Marmalade\6.4\s3e\edk\lib\android/libedk.a(edk_helpers.o)
                0x00002448                s3eEdkThreadRunOnOS
 .text.s3eEdkErrorSetString
                0x00002478       0x30 C:\Marmalade\6.4\s3e\edk\lib\android/libedk.a(edk_helpers.o)
                0x00002478                s3eEdkErrorSetString
 .text          0x000024a8       0x44 c:/program files/adt-bundle-windows-x86_64-20130717/android-ndk-r8d/toolchains/arm-linux-androideabi-4.7/prebuilt/windows/bin/../lib/gcc/arm-linux-androideabi/4.7/libgcc.a(_aeabi_ldivmod.o)
                0x000024a8                __aeabi_ldivmod
 .text          0x000024ec       0x10 c:/program files/adt-bundle-windows-x86_64-20130717/android-ndk-r8d/toolchains/arm-linux-androideabi-4.7/prebuilt/windows/bin/../lib/gcc/arm-linux-androideabi/4.7/libgcc.a(_dvmd_lnx.o)
                0x000024ec                __aeabi_idiv0
                0x000024ec                __aeabi_ldiv0
 .text          0x000024fc       0x78 c:/program files/adt-bundle-windows-x86_64-20130717/android-ndk-r8d/toolchains/arm-linux-androideabi-4.7/prebuilt/windows/bin/../lib/gcc/arm-linux-androideabi/4.7/libgcc.a(bpabi.o)
                0x000024fc                __gnu_ldivmod_helper
                0x00002538                __gnu_uldivmod_helper
 .text          0x00002574      0x480 c:/program files/adt-bundle-windows-x86_64-20130717/android-ndk-r8d/toolchains/arm-linux-androideabi-4.7/prebuilt/windows/bin/../lib/gcc/arm-linux-androideabi/4.7/libgcc.a(_divdi3.o)
                0x00002574                __divdi3
 .text          0x000029f4      0x400 c:/program files/adt-bundle-windows-x86_64-20130717/android-ndk-r8d/toolchains/arm-linux-androideabi-4.7/prebuilt/windows/bin/../lib/gcc/arm-linux-androideabi/4.7/libgcc.a(_udivdi3.o)
                0x000029f4                __udivdi3
 .text          0x00002df4      0xef4 c:/program files/adt-bundle-windows-x86_64-20130717/android-ndk-r8d/toolchains/arm-linux-androideabi-4.7/prebuilt/windows/bin/../lib/gcc/arm-linux-androideabi/4.7/libgcc.a(unwind-arm.o)
                0x000038c0                __aeabi_unwind_cpp_pr0
                0x000038b8                __aeabi_unwind_cpp_pr1
                0x000038b0                __aeabi_unwind_cpp_pr2
                0x00003230                _Unwind_GetCFA
                0x00003238                __gnu_Unwind_RaiseException
                0x000032dc                __gnu_Unwind_ForcedUnwind
                0x000032f8                __gnu_Unwind_Resume
                0x00003370                __gnu_Unwind_Resume_or_Rethrow
                0x00003390                _Unwind_Complete
                0x00003394                _Unwind_DeleteException
                0x000033b4                _Unwind_VRS_Get
                0x00003420                _Unwind_VRS_Set
                0x000038c8                __gnu_Unwind_Backtrace
                0x00003988                _Unwind_VRS_Pop
 .text          0x00003ce8      0x1a8 c:/program files/adt-bundle-windows-x86_64-20130717/android-ndk-r8d/toolchains/arm-linux-androideabi-4.7/prebuilt/windows/bin/../lib/gcc/arm-linux-androideabi/4.7/libgcc.a(libunwind.o)
                0x00003ce8                __restore_core_regs
                0x00003ce8                restore_core_regs
                0x00003cfc                __gnu_Unwind_Restore_VFP
                0x00003d04                __gnu_Unwind_Save_VFP
                0x00003d0c                __gnu_Unwind_Restore_VFP_D
                0x00003d14                __gnu_Unwind_Save_VFP_D
                0x00003d1c                __gnu_Unwind_Restore_VFP_D_16_to_31
                0x00003d24                __gnu_Unwind_Save_VFP_D_16_to_31
                0x00003d2c                __gnu_Unwind_Restore_WMMXD
                0x00003d70                __gnu_Unwind_Save_WMMXD
                0x00003db4                __gnu_Unwind_Restore_WMMXC
                0x00003dc8                __gnu_Unwind_Save_WMMXC
                0x00003ddc                ___Unwind_RaiseException
                0x00003ddc                _Unwind_RaiseException
                0x00003e00                ___Unwind_Resume
                0x00003e00                _Unwind_Resume
                0x00003e24                ___Unwind_Resume_or_Rethrow
                0x00003e24                _Unwind_Resume_or_Rethrow
                0x00003e48                ___Unwind_ForcedUnwind
                0x00003e48                _Unwind_ForcedUnwind
                0x00003e6c                ___Unwind_Backtrace
                0x00003e6c                _Unwind_Backtrace
 .text          0x00003e90      0x490 c:/program files/adt-bundle-windows-x86_64-20130717/android-ndk-r8d/toolchains/arm-linux-androideabi-4.7/prebuilt/windows/bin/../lib/gcc/arm-linux-androideabi/4.7/libgcc.a(pr-support.o)
                0x00003f18                __gnu_unwind_execute
                0x000042a4                __gnu_unwind_frame
                0x000042e4                _Unwind_GetRegionStart
                0x000042f4                _Unwind_GetLanguageSpecificData
                0x00004310                _Unwind_GetDataRelBase
                0x00004318                _Unwind_GetTextRelBase
 .text          0xffffffffffffffff       0xc8 c:/program files/adt-bundle-windows-x86_64-20130717/android-ndk-r8d/toolchains/arm-linux-androideabi-4.7/prebuilt/windows/bin/../lib/gcc/arm-linux-androideabi/4.7/libgcc.a(_udivsi3.o)
                0x00004320                __udivsi3
                0x00004320                __aeabi_uidiv
                0x000043c8                __aeabi_uidivmod

.rodata         0x000043e8      0x2bc
 .rodata        0x000043e8      0x18c debug\s3eAndroidXAPK_platform.os
 .rodata        0x00004574       0x10 debug\s3eAndroidXAPK_register.os
 .rodata.str1.4
                0x00004584      0x120 C:\Marmalade\6.4\s3e\edk\lib\android/libedk.a(IwDebug.o)

.ARM.exidx      0x000046a4       0xe8
 .ARM.exidx     0x000046a4        0x8 c:/program files/adt-bundle-windows-x86_64-20130717/android-ndk-r8d/toolchains/arm-linux-androideabi-4.7/prebuilt/windows/bin/../lib/gcc/arm-linux-androideabi/4.7/libgcc.a(_divdi3.o)
 .ARM.exidx     0xffffffffffffffff       0xd8 c:/program files/adt-bundle-windows-x86_64-20130717/android-ndk-r8d/toolchains/arm-linux-androideabi-4.7/prebuilt/windows/bin/../lib/gcc/arm-linux-androideabi/4.7/libgcc.a(unwind-arm.o)
 ** ARM cantunwind
                0x0000474c        0x8
 .ARM.exidx     0xffffffffffffffff       0x48 c:/program files/adt-bundle-windows-x86_64-20130717/android-ndk-r8d/toolchains/arm-linux-androideabi-4.7/prebuilt/windows/bin/../lib/gcc/arm-linux-androideabi/4.7/libgcc.a(pr-support.o)

.ARM.extab      0x0000478c       0x3c
 .ARM.extab     0x0000478c       0x24 c:/program files/adt-bundle-windows-x86_64-20130717/android-ndk-r8d/toolchains/arm-linux-androideabi-4.7/prebuilt/windows/bin/../lib/gcc/arm-linux-androideabi/4.7/libgcc.a(unwind-arm.o)
 .ARM.extab     0x000047b0       0x18 c:/program files/adt-bundle-windows-x86_64-20130717/android-ndk-r8d/toolchains/arm-linux-androideabi-4.7/prebuilt/windows/bin/../lib/gcc/arm-linux-androideabi/4.7/libgcc.a(pr-support.o)

.fini_array     0x00005e6c        0x8
 .fini_array    0x00005e6c        0x4 C:/Program Files/adt-bundle-windows-x86_64-20130717/android-ndk-r8e/platforms/android-9/arch-arm/usr/lib/crtbegin_so.o
 .fini_array    0x00005e70        0x4 C:/Program Files/adt-bundle-windows-x86_64-20130717/android-ndk-r8e/platforms/android-9/arch-arm/usr/lib/crtend_so.o

.data.rel.ro    0x00005e74        0xc
 .data.rel.ro   0x00005e74        0xc debug\s3eAndroidXAPK_platform.os

.init_array     0x00005e80        0x8
 .init_array    0x00005e80        0x4 C:\Marmalade\6.4\s3e\edk\lib\android/libedk.a(IwDebug.o)
 .init_array    0x00005e84        0x4 C:/Program Files/adt-bundle-windows-x86_64-20130717/android-ndk-r8e/platforms/android-9/arch-arm/usr/lib/crtend_so.o

.dynamic        0x00005e88       0xe0
 ** dynamic     0x00005e88       0xe0

.got            0x00005f68       0x98
 ** GOT         0x00005f68       0x28
 ** GOT PLT     0x00005f90       0x70

.data           0x00006000        0x4
 .data          0x00006000        0x4 C:/Program Files/adt-bundle-windows-x86_64-20130717/android-ndk-r8e/platforms/android-9/arch-arm/usr/lib/crtbegin_so.o
                0x00006000                __dso_handle

.bss            0x00006004     0x1a44
 .bss           0x00006004       0x1c debug\s3eAndroidXAPK_platform.os
 .bss           0x00006020     0x1a28 C:\Marmalade\6.4\s3e\edk\lib\android/libedk.a(IwDebug.o)
                0x00006020                g_DebugGlobals
