Archive member included because of file (symbol)

C:\marmalade\7.4\s3e\edk\lib\android/libedk.a(IwDebug.o)
                              debug\s3eAndroidXAPK_platform.os (IwDebugTraceIsChannelOn)
C:\marmalade\7.4\s3e\edk\lib\android/libedk.a(edk_helpers.o)
                              debug\s3eAndroidXAPK_platform.os (s3eEdkErrorSetString)
c:/android-ndk-r9/toolchains/arm-linux-androideabi-4.8/prebuilt/windows/bin/../lib/gcc/arm-linux-androideabi/4.8/libgcc.a(_aeabi_ldivmod.o)
                              C:\marmalade\7.4\s3e\edk\lib\android/libedk.a(IwDebug.o) (__aeabi_ldivmod)
c:/android-ndk-r9/toolchains/arm-linux-androideabi-4.8/prebuilt/windows/bin/../lib/gcc/arm-linux-androideabi/4.8/libgcc.a(_dvmd_lnx.o)
                              c:/android-ndk-r9/toolchains/arm-linux-androideabi-4.8/prebuilt/windows/bin/../lib/gcc/arm-linux-androideabi/4.8/libgcc.a(_aeabi_ldivmod.o) (__aeabi_ldiv0)
c:/android-ndk-r9/toolchains/arm-linux-androideabi-4.8/prebuilt/windows/bin/../lib/gcc/arm-linux-androideabi/4.8/libgcc.a(bpabi.o)
                              c:/android-ndk-r9/toolchains/arm-linux-androideabi-4.8/prebuilt/windows/bin/../lib/gcc/arm-linux-androideabi/4.8/libgcc.a(_aeabi_ldivmod.o) (__gnu_ldivmod_helper)
c:/android-ndk-r9/toolchains/arm-linux-androideabi-4.8/prebuilt/windows/bin/../lib/gcc/arm-linux-androideabi/4.8/libgcc.a(_divdi3.o)
                              c:/android-ndk-r9/toolchains/arm-linux-androideabi-4.8/prebuilt/windows/bin/../lib/gcc/arm-linux-androideabi/4.8/libgcc.a(bpabi.o) (__divdi3)
c:/android-ndk-r9/toolchains/arm-linux-androideabi-4.8/prebuilt/windows/bin/../lib/gcc/arm-linux-androideabi/4.8/libgcc.a(_udivdi3.o)
                              c:/android-ndk-r9/toolchains/arm-linux-androideabi-4.8/prebuilt/windows/bin/../lib/gcc/arm-linux-androideabi/4.8/libgcc.a(bpabi.o) (__udivdi3)
c:/android-ndk-r9/toolchains/arm-linux-androideabi-4.8/prebuilt/windows/bin/../lib/gcc/arm-linux-androideabi/4.8/libgcc.a(_udivsi3.o)
                              c:/android-ndk-r9/toolchains/arm-linux-androideabi-4.8/prebuilt/windows/bin/../lib/gcc/arm-linux-androideabi/4.8/libgcc.a(_divdi3.o) (__aeabi_uidiv)

Discarded input sections

 .text          0x00000000       0x14 C:/android-ndk-r9/platforms/android-14/arch-arm/usr/lib/crtbegin_so.o
 .bss           0x00000000        0x0 C:/android-ndk-r9/platforms/android-14/arch-arm/usr/lib/crtbegin_so.o
 .note.GNU-stack
                0x00000000        0x0 C:/android-ndk-r9/platforms/android-14/arch-arm/usr/lib/crtbegin_so.o
 .group         0x00000000        0x8 debug\s3eAndroidXAPK_platform.os
 .group         0x00000000        0x8 debug\s3eAndroidXAPK_platform.os
 .group         0x00000000        0x8 debug\s3eAndroidXAPK_platform.os
 .group         0x00000000        0x8 debug\s3eAndroidXAPK_platform.os
 .group         0x00000000        0x8 debug\s3eAndroidXAPK_platform.os
 .group         0x00000000        0x8 debug\s3eAndroidXAPK_platform.os
 .group         0x00000000        0x8 debug\s3eAndroidXAPK_platform.os
 .group         0x00000000        0x8 debug\s3eAndroidXAPK_platform.os
 .group         0x00000000        0x8 debug\s3eAndroidXAPK_platform.os
 .group         0x00000000        0x8 debug\s3eAndroidXAPK_platform.os
 .group         0x00000000        0x8 debug\s3eAndroidXAPK_platform.os
 .group         0x00000000        0x8 debug\s3eAndroidXAPK_platform.os
 .group         0x00000000        0x8 debug\s3eAndroidXAPK_platform.os
 .group         0x00000000        0x8 debug\s3eAndroidXAPK_platform.os
 .group         0x00000000        0x8 debug\s3eAndroidXAPK_platform.os
 .group         0x00000000        0x8 debug\s3eAndroidXAPK_platform.os
 .group         0x00000000        0x8 debug\s3eAndroidXAPK_platform.os
 .group         0x00000000        0x8 debug\s3eAndroidXAPK_platform.os
 .group         0x00000000        0x8 debug\s3eAndroidXAPK_platform.os
 .group         0x00000000        0x8 debug\s3eAndroidXAPK_platform.os
 .group         0x00000000        0x8 debug\s3eAndroidXAPK_platform.os
 .text          0x00000000        0x0 debug\s3eAndroidXAPK_platform.os
 .data          0x00000000        0x0 debug\s3eAndroidXAPK_platform.os
 .note.GNU-stack
                0x00000000        0x0 debug\s3eAndroidXAPK_platform.os
 .text          0x00000000        0x0 debug\s3eAndroidXAPK.os
 .data          0x00000000        0x0 debug\s3eAndroidXAPK.os
 .bss           0x00000000        0x0 debug\s3eAndroidXAPK.os
 .note.GNU-stack
                0x00000000        0x0 debug\s3eAndroidXAPK.os
 .text          0x00000000        0x0 debug\s3eAndroidXAPK_register.os
 .data          0x00000000        0x0 debug\s3eAndroidXAPK_register.os
 .bss           0x00000000        0x0 debug\s3eAndroidXAPK_register.os
 .note.GNU-stack
                0x00000000        0x0 debug\s3eAndroidXAPK_register.os
 .text          0x00000000        0x0 C:\marmalade\7.4\s3e\edk\lib\android/libedk.a(IwDebug.o)
 .data          0x00000000        0x0 C:\marmalade\7.4\s3e\edk\lib\android/libedk.a(IwDebug.o)
 .text.IwDebugClearConfigCache
                0x00000000       0x80 C:\marmalade\7.4\s3e\edk\lib\android/libedk.a(IwDebug.o)
 .text.IwDebugAssertIsChannelOn
                0x00000000      0x1ec C:\marmalade\7.4\s3e\edk\lib\android/libedk.a(IwDebug.o)
 .text.IwDebugAssertShow
                0x00000000      0x2e8 C:\marmalade\7.4\s3e\edk\lib\android/libedk.a(IwDebug.o)
 .text.IwDebugAssertSetSolution
                0x00000000       0xb8 C:\marmalade\7.4\s3e\edk\lib\android/libedk.a(IwDebug.o)
 .text.IwDebugAssertSetMessage
                0x00000000      0x100 C:\marmalade\7.4\s3e\edk\lib\android/libedk.a(IwDebug.o)
 .text.IwAssertRegisterTextCallback
                0x00000000       0x1c C:\marmalade\7.4\s3e\edk\lib\android/libedk.a(IwDebug.o)
 .text.IwAssertRegisterCallback
                0x00000000       0x1c C:\marmalade\7.4\s3e\edk\lib\android/libedk.a(IwDebug.o)
 .text.IwDebugTraceDisable
                0x00000000       0x10 C:\marmalade\7.4\s3e\edk\lib\android/libedk.a(IwDebug.o)
 .text.IwDebugTraceChannelSwitch
                0x00000000      0x1e4 C:\marmalade\7.4\s3e\edk\lib\android/libedk.a(IwDebug.o)
 .text.IwDebugErrorRegisterCallback
                0x00000000       0x1c C:\marmalade\7.4\s3e\edk\lib\android/libedk.a(IwDebug.o)
 .text.IwDebugErrorShow
                0x00000000      0x108 C:\marmalade\7.4\s3e\edk\lib\android/libedk.a(IwDebug.o)
 .text.IwDebugAssertSetUID
                0x00000000       0x14 C:\marmalade\7.4\s3e\edk\lib\android/libedk.a(IwDebug.o)
 .note.GNU-stack
                0x00000000        0x0 C:\marmalade\7.4\s3e\edk\lib\android/libedk.a(IwDebug.o)
 .text          0x00000000        0x0 C:\marmalade\7.4\s3e\edk\lib\android/libedk.a(edk_helpers.o)
 .data          0x00000000        0x0 C:\marmalade\7.4\s3e\edk\lib\android/libedk.a(edk_helpers.o)
 .bss           0x00000000        0x0 C:\marmalade\7.4\s3e\edk\lib\android/libedk.a(edk_helpers.o)
 .text.s3eEdkThreadRunOnOSAsync
                0x00000000       0x30 C:\marmalade\7.4\s3e\edk\lib\android/libedk.a(edk_helpers.o)
 .note.GNU-stack
                0x00000000        0x0 C:\marmalade\7.4\s3e\edk\lib\android/libedk.a(edk_helpers.o)
 .data          0x00000000        0x0 c:/android-ndk-r9/toolchains/arm-linux-androideabi-4.8/prebuilt/windows/bin/../lib/gcc/arm-linux-androideabi/4.8/libgcc.a(_aeabi_ldivmod.o)
 .bss           0x00000000        0x0 c:/android-ndk-r9/toolchains/arm-linux-androideabi-4.8/prebuilt/windows/bin/../lib/gcc/arm-linux-androideabi/4.8/libgcc.a(_aeabi_ldivmod.o)
 .note.GNU-stack
                0x00000000        0x0 c:/android-ndk-r9/toolchains/arm-linux-androideabi-4.8/prebuilt/windows/bin/../lib/gcc/arm-linux-androideabi/4.8/libgcc.a(_aeabi_ldivmod.o)
 .data          0x00000000        0x0 c:/android-ndk-r9/toolchains/arm-linux-androideabi-4.8/prebuilt/windows/bin/../lib/gcc/arm-linux-androideabi/4.8/libgcc.a(_dvmd_lnx.o)
 .bss           0x00000000        0x0 c:/android-ndk-r9/toolchains/arm-linux-androideabi-4.8/prebuilt/windows/bin/../lib/gcc/arm-linux-androideabi/4.8/libgcc.a(_dvmd_lnx.o)
 .note.GNU-stack
                0x00000000        0x0 c:/android-ndk-r9/toolchains/arm-linux-androideabi-4.8/prebuilt/windows/bin/../lib/gcc/arm-linux-androideabi/4.8/libgcc.a(_dvmd_lnx.o)
 .data          0x00000000        0x0 c:/android-ndk-r9/toolchains/arm-linux-androideabi-4.8/prebuilt/windows/bin/../lib/gcc/arm-linux-androideabi/4.8/libgcc.a(bpabi.o)
 .bss           0x00000000        0x0 c:/android-ndk-r9/toolchains/arm-linux-androideabi-4.8/prebuilt/windows/bin/../lib/gcc/arm-linux-androideabi/4.8/libgcc.a(bpabi.o)
 .note.GNU-stack
                0x00000000        0x0 c:/android-ndk-r9/toolchains/arm-linux-androideabi-4.8/prebuilt/windows/bin/../lib/gcc/arm-linux-androideabi/4.8/libgcc.a(bpabi.o)
 .data          0x00000000        0x0 c:/android-ndk-r9/toolchains/arm-linux-androideabi-4.8/prebuilt/windows/bin/../lib/gcc/arm-linux-androideabi/4.8/libgcc.a(_divdi3.o)
 .bss           0x00000000        0x0 c:/android-ndk-r9/toolchains/arm-linux-androideabi-4.8/prebuilt/windows/bin/../lib/gcc/arm-linux-androideabi/4.8/libgcc.a(_divdi3.o)
 .ARM.extab     0x00000000        0x0 c:/android-ndk-r9/toolchains/arm-linux-androideabi-4.8/prebuilt/windows/bin/../lib/gcc/arm-linux-androideabi/4.8/libgcc.a(_divdi3.o)
 .note.GNU-stack
                0x00000000        0x0 c:/android-ndk-r9/toolchains/arm-linux-androideabi-4.8/prebuilt/windows/bin/../lib/gcc/arm-linux-androideabi/4.8/libgcc.a(_divdi3.o)
 .data          0x00000000        0x0 c:/android-ndk-r9/toolchains/arm-linux-androideabi-4.8/prebuilt/windows/bin/../lib/gcc/arm-linux-androideabi/4.8/libgcc.a(_udivdi3.o)
 .bss           0x00000000        0x0 c:/android-ndk-r9/toolchains/arm-linux-androideabi-4.8/prebuilt/windows/bin/../lib/gcc/arm-linux-androideabi/4.8/libgcc.a(_udivdi3.o)
 .ARM.extab     0x00000000        0x0 c:/android-ndk-r9/toolchains/arm-linux-androideabi-4.8/prebuilt/windows/bin/../lib/gcc/arm-linux-androideabi/4.8/libgcc.a(_udivdi3.o)
 .note.GNU-stack
                0x00000000        0x0 c:/android-ndk-r9/toolchains/arm-linux-androideabi-4.8/prebuilt/windows/bin/../lib/gcc/arm-linux-androideabi/4.8/libgcc.a(_udivdi3.o)
 .data          0x00000000        0x0 c:/android-ndk-r9/toolchains/arm-linux-androideabi-4.8/prebuilt/windows/bin/../lib/gcc/arm-linux-androideabi/4.8/libgcc.a(_udivsi3.o)
 .bss           0x00000000        0x0 c:/android-ndk-r9/toolchains/arm-linux-androideabi-4.8/prebuilt/windows/bin/../lib/gcc/arm-linux-androideabi/4.8/libgcc.a(_udivsi3.o)
 .note.GNU-stack
                0x00000000        0x0 c:/android-ndk-r9/toolchains/arm-linux-androideabi-4.8/prebuilt/windows/bin/../lib/gcc/arm-linux-androideabi/4.8/libgcc.a(_udivsi3.o)
 .text          0x00000000        0x0 C:/android-ndk-r9/platforms/android-14/arch-arm/usr/lib/crtend_so.o
 .data          0x00000000        0x0 C:/android-ndk-r9/platforms/android-14/arch-arm/usr/lib/crtend_so.o
 .bss           0x00000000        0x0 C:/android-ndk-r9/platforms/android-14/arch-arm/usr/lib/crtend_so.o
 .note.GNU-stack
                0x00000000        0x0 C:/android-ndk-r9/platforms/android-14/arch-arm/usr/lib/crtend_so.o

Memory map

 ** file header
                0x00000000       0x34
 ** segment headers
                0x00000034      0x100

.interp         0x00000134       0x13
 ** fill        0x00000134       0x13

.dynsym         0x00000148      0x300
 ** dynsym      0x00000148      0x300

.dynstr         0x00000448      0x2ff
 ** string table
                0x00000448      0x2ff

.hash           0x00000748      0x15c
 ** hash        0x00000748      0x15c

.rel.dyn        0x000008a4       0x40
 ** dynamic relocs
                0x000008a4       0x40

.rel.plt        0x000008e4       0xc0
 ** dynamic relocs
                0x000008e4       0xc0

.plt            0x000009a4      0x134
 ** PLT         0x000009a4      0x134

.text           0x00000ad8     0x1fec
 .text.exit     0x00000ad8       0x10 C:/android-ndk-r9/platforms/android-14/arch-arm/usr/lib/crtbegin_so.o
                0x00000ad8                __on_dlclose
 .text.startup._GLOBAL__sub_I_IwDebug.cpp
                0x00000ae8       0x88 C:\marmalade\7.4\s3e\edk\lib\android/libedk.a(IwDebug.o)
 .text._ZN7_JNIEnv9FindClassEPKc
                0x00000b70       0x38 debug\s3eAndroidXAPK_platform.os
                0x00000b70                _JNIEnv::FindClass(char const*)
 .text._ZN7_JNIEnv17ExceptionOccurredEv
                0x00000ba8       0x30 debug\s3eAndroidXAPK_platform.os
                0x00000ba8                _JNIEnv::ExceptionOccurred()
 .text._ZN7_JNIEnv17ExceptionDescribeEv
                0x00000bd8       0x28 debug\s3eAndroidXAPK_platform.os
                0x00000bd8                _JNIEnv::ExceptionDescribe()
 .text._ZN7_JNIEnv14ExceptionClearEv
                0x00000c00       0x28 debug\s3eAndroidXAPK_platform.os
                0x00000c00                _JNIEnv::ExceptionClear()
 .text._ZN7_JNIEnv12NewGlobalRefEP8_jobject
                0x00000c28       0x38 debug\s3eAndroidXAPK_platform.os
                0x00000c28                _JNIEnv::NewGlobalRef(_jobject*)
 .text._ZN7_JNIEnv15DeleteGlobalRefEP8_jobject
                0x00000c60       0x30 debug\s3eAndroidXAPK_platform.os
                0x00000c60                _JNIEnv::DeleteGlobalRef(_jobject*)
 .text._ZN7_JNIEnv14DeleteLocalRefEP8_jobject
                0x00000c90       0x30 debug\s3eAndroidXAPK_platform.os
                0x00000c90                _JNIEnv::DeleteLocalRef(_jobject*)
 .text._ZN7_JNIEnv9NewObjectEP7_jclassP10_jmethodIDz
                0x00000cc0       0x58 debug\s3eAndroidXAPK_platform.os
                0x00000cc0                _JNIEnv::NewObject(_jclass*, _jmethodID*, ...)
 .text._ZN7_JNIEnv11GetMethodIDEP7_jclassPKcS3_
                0x00000d18       0x48 debug\s3eAndroidXAPK_platform.os
                0x00000d18                _JNIEnv::GetMethodID(_jclass*, char const*, char const*)
 .text._ZN7_JNIEnv14CallVoidMethodEP8_jobjectP10_jmethodIDz
                0x00000d60       0x4c debug\s3eAndroidXAPK_platform.os
                0x00000d60                _JNIEnv::CallVoidMethod(_jobject*, _jmethodID*, ...)
 .text._ZN7_JNIEnv10GetFieldIDEP7_jclassPKcS3_
                0x00000dac       0x48 debug\s3eAndroidXAPK_platform.os
                0x00000dac                _JNIEnv::GetFieldID(_jclass*, char const*, char const*)
 .text._ZN7_JNIEnv14GetObjectFieldEP8_jobjectP9_jfieldID
                0x00000df4       0x40 debug\s3eAndroidXAPK_platform.os
                0x00000df4                _JNIEnv::GetObjectField(_jobject*, _jfieldID*)
 .text._ZN7_JNIEnv11GetIntFieldEP8_jobjectP9_jfieldID
                0x00000e34       0x40 debug\s3eAndroidXAPK_platform.os
                0x00000e34                _JNIEnv::GetIntField(_jobject*, _jfieldID*)
 .text._ZN7_JNIEnv12GetLongFieldEP8_jobjectP9_jfieldID
                0x00000e74       0x48 debug\s3eAndroidXAPK_platform.os
                0x00000e74                _JNIEnv::GetLongField(_jobject*, _jfieldID*)
 .text._ZN7_JNIEnv12NewStringUTFEPKc
                0x00000ebc       0x38 debug\s3eAndroidXAPK_platform.os
                0x00000ebc                _JNIEnv::NewStringUTF(char const*)
 .text._ZN7_JNIEnv14GetArrayLengthEP7_jarray
                0x00000ef4       0x38 debug\s3eAndroidXAPK_platform.os
                0x00000ef4                _JNIEnv::GetArrayLength(_jarray*)
 .text._ZN7_JNIEnv21GetObjectArrayElementEP13_jobjectArrayi
                0x00000f2c       0x40 debug\s3eAndroidXAPK_platform.os
                0x00000f2c                _JNIEnv::GetObjectArrayElement(_jobjectArray*, int)
 .text._ZN7_JNIEnv12NewByteArrayEi
                0x00000f6c       0x38 debug\s3eAndroidXAPK_platform.os
                0x00000f6c                _JNIEnv::NewByteArray(int)
 .text._ZN7_JNIEnv18SetByteArrayRegionEP11_jbyteArrayiiPKa
                0x00000fa4       0x48 debug\s3eAndroidXAPK_platform.os
                0x00000fa4                _JNIEnv::SetByteArrayRegion(_jbyteArray*, int, int, signed char const*)
 .text._ZN7_JNIEnv15RegisterNativesEP7_jclassPK15JNINativeMethodi
                0x00000fec       0x48 debug\s3eAndroidXAPK_platform.os
                0x00000fec                _JNIEnv::RegisterNatives(_jclass*, JNINativeMethod const*, int)
 .text._ZN7_JavaVM6GetEnvEPPvi
                0x00001034       0x40 debug\s3eAndroidXAPK_platform.os
                0x00001034                _JavaVM::GetEnv(void**, int)
 .text._ZL15s3eEdkJNIGetEnvv
                0x00001074       0x40 debug\s3eAndroidXAPK_platform.os
 .text._ZL27s3eEdkAndroidFindClass_realPKc
                0x000010b4       0x8c debug\s3eAndroidXAPK_platform.os
 .text._ZL22s3eEdkAndroidFindClassPKc
                0x00001140       0x38 debug\s3eAndroidXAPK_platform.os
 .text._Z27s3eAndroidXAPKInit_platformv
                0x00001178      0x488 debug\s3eAndroidXAPK_platform.os
                0x00001178                s3eAndroidXAPKInit_platform()
 .text._Z32s3eAndroidXAPKTerminate_platformv
                0x00001600        0x4 debug\s3eAndroidXAPK_platform.os
                0x00001600                s3eAndroidXAPKTerminate_platform()
 .text._Z31s3eAndroidXAPKGetFiles_platformPKcPKviPFiPvS3_ES3_
                0x00001604      0x144 debug\s3eAndroidXAPK_platform.os
                0x00001604                s3eAndroidXAPKGetFiles_platform(char const*, void const*, int, int (*)(void*, void*), void*)
 .text._Z16responseReceivedP7_JNIEnvP8_jobjectS2_
                0x00001748      0x354 debug\s3eAndroidXAPK_platform.os
                0x00001748                responseReceived(_JNIEnv*, _jobject*, _jobject*)
 .text._Z15responseCleanupjiPvS_iS_
                0x00001a9c       0xe4 debug\s3eAndroidXAPK_platform.os
                0x00001a9c                responseCleanup(unsigned int, int, void*, void*, int, void*)
 .text._Z18s3eAndroidXAPKInitv
                0x00001b80       0x14 debug\s3eAndroidXAPK.os
                0x00001b80                s3eAndroidXAPKInit()
 .text._Z23s3eAndroidXAPKTerminatev
                0x00001b94        0xc debug\s3eAndroidXAPK.os
                0x00001b94                s3eAndroidXAPKTerminate()
 .text.s3eAndroidXAPKGetFiles
                0x00001ba0       0x44 debug\s3eAndroidXAPK.os
                0x00001ba0                s3eAndroidXAPKGetFiles
 .text._Z25s3eAndroidXAPKRegisterExtv
                0x00001be4       0x80 debug\s3eAndroidXAPK_register.os
                0x00001be4                s3eAndroidXAPKRegisterExt()
 .text.RegisterExt
                0x00001c64        0xc debug\s3eAndroidXAPK_register.os
                0x00001c64                RegisterExt
 .text.IwDebugTraceIsChannelOn
                0x00001c70      0x27c C:\marmalade\7.4\s3e\edk\lib\android/libedk.a(IwDebug.o)
                0x00001c70                IwDebugTraceIsChannelOn
 .text.IwDebugTraceSetTraceChannel
                0x00001eec       0x1c C:\marmalade\7.4\s3e\edk\lib\android/libedk.a(IwDebug.o)
                0x00001eec                IwDebugTraceSetTraceChannel
 .text.IwDebugTraceLineVPrintf
                0x00001f08       0xfc C:\marmalade\7.4\s3e\edk\lib\android/libedk.a(IwDebug.o)
                0x00001f08                IwDebugTraceLineVPrintf
 .text.IwDebugTraceLinePrintf
                0x00002004       0x30 C:\marmalade\7.4\s3e\edk\lib\android/libedk.a(IwDebug.o)
                0x00002004                IwDebugTraceLinePrintf
 .text.s3eEdkErrorSetString
                0x00002034       0x30 C:\marmalade\7.4\s3e\edk\lib\android/libedk.a(edk_helpers.o)
                0x00002034                s3eEdkErrorSetString
 .text.s3eEdkThreadRunOnOS
                0x00002064       0x30 C:\marmalade\7.4\s3e\edk\lib\android/libedk.a(edk_helpers.o)
                0x00002064                s3eEdkThreadRunOnOS
 .text          0x00002094       0x44 c:/android-ndk-r9/toolchains/arm-linux-androideabi-4.8/prebuilt/windows/bin/../lib/gcc/arm-linux-androideabi/4.8/libgcc.a(_aeabi_ldivmod.o)
                0x00002094                __aeabi_ldivmod
 .text          0x000020d8       0x10 c:/android-ndk-r9/toolchains/arm-linux-androideabi-4.8/prebuilt/windows/bin/../lib/gcc/arm-linux-androideabi/4.8/libgcc.a(_dvmd_lnx.o)
                0x000020d8                __aeabi_idiv0
                0x000020d8                __aeabi_ldiv0
 .text          0x000020e8       0x78 c:/android-ndk-r9/toolchains/arm-linux-androideabi-4.8/prebuilt/windows/bin/../lib/gcc/arm-linux-androideabi/4.8/libgcc.a(bpabi.o)
                0x000020e8                __gnu_ldivmod_helper
                0x00002124                __gnu_uldivmod_helper
 .text          0x00002160      0x498 c:/android-ndk-r9/toolchains/arm-linux-androideabi-4.8/prebuilt/windows/bin/../lib/gcc/arm-linux-androideabi/4.8/libgcc.a(_divdi3.o)
                0x00002160                __divdi3
 .text          0x000025f8      0x404 c:/android-ndk-r9/toolchains/arm-linux-androideabi-4.8/prebuilt/windows/bin/../lib/gcc/arm-linux-androideabi/4.8/libgcc.a(_udivdi3.o)
                0x000025f8                __udivdi3
 .text          0xffffffffffffffff       0xc8 c:/android-ndk-r9/toolchains/arm-linux-androideabi-4.8/prebuilt/windows/bin/../lib/gcc/arm-linux-androideabi/4.8/libgcc.a(_udivsi3.o)
                0x000029fc                __udivsi3
                0x000029fc                __aeabi_uidiv
                0x00002aa4                __aeabi_uidivmod

.rodata         0x00002ac4      0x2ce
 .rodata        0x00002ac4      0x1a4 debug\s3eAndroidXAPK_platform.os
 .rodata        0x00002c68       0x10 debug\s3eAndroidXAPK_register.os
 ** merge strings
                0x00002c78      0x11a

.ARM.exidx      0x00002d94        0x8
 .ARM.exidx     0x00002d94        0x8 c:/android-ndk-r9/toolchains/arm-linux-androideabi-4.8/prebuilt/windows/bin/../lib/gcc/arm-linux-androideabi/4.8/libgcc.a(_divdi3.o)

.fini_array     0x00003e8c        0x8
 .fini_array    0x00003e8c        0x4 C:/android-ndk-r9/platforms/android-14/arch-arm/usr/lib/crtbegin_so.o
 .fini_array    0x00003e90        0x4 C:/android-ndk-r9/platforms/android-14/arch-arm/usr/lib/crtend_so.o

.data.rel.ro    0x00003e94        0xc
 .data.rel.ro   0x00003e94        0xc debug\s3eAndroidXAPK_platform.os

.init_array     0x00003ea0        0x8
 .init_array    0x00003ea0        0x4 C:\marmalade\7.4\s3e\edk\lib\android/libedk.a(IwDebug.o)
 .init_array    0x00003ea4        0x4 C:/android-ndk-r9/platforms/android-14/arch-arm/usr/lib/crtend_so.o

.dynamic        0x00003ea8       0xe0
 ** dynamic     0x00003ea8       0xe0

.got            0x00003f88       0x78
 ** GOT         0x00003f88        0xc
 ** GOT PLT     0x00003f94       0x6c

.data           0x00004000        0x4
 .data          0x00004000        0x4 C:/android-ndk-r9/platforms/android-14/arch-arm/usr/lib/crtbegin_so.o
                0x00004000                __dso_handle

.bss            0x00004004     0x1a44
 .bss           0x00004004       0x1c debug\s3eAndroidXAPK_platform.os
 .bss           0x00004020     0x1a28 C:\marmalade\7.4\s3e\edk\lib\android/libedk.a(IwDebug.o)
                0x00004020                g_DebugGlobals
