Archive member included because of file (symbol)

C:\Marmalade\6.4\s3e\edk\lib\android/libedk.a(edk_helpers.o)
                              release\s3eAndroidXAPK_platform.os (s3eEdkThreadRunOnOS)

Discarded input sections

 .text          0x00000000       0x14 C:/Program Files/adt-bundle-windows-x86_64-20130717/android-ndk-r8e/platforms/android-9/arch-arm/usr/lib/crtbegin_so.o
 .bss           0x00000000        0x0 C:/Program Files/adt-bundle-windows-x86_64-20130717/android-ndk-r8e/platforms/android-9/arch-arm/usr/lib/crtbegin_so.o
 .note.GNU-stack
                0x00000000        0x0 C:/Program Files/adt-bundle-windows-x86_64-20130717/android-ndk-r8e/platforms/android-9/arch-arm/usr/lib/crtbegin_so.o
 .group         0x00000000        0x8 release\s3eAndroidXAPK_platform.os
 .group         0x00000000        0x8 release\s3eAndroidXAPK_platform.os
 .text          0x00000000        0x0 release\s3eAndroidXAPK_platform.os
 .data          0x00000000        0x0 release\s3eAndroidXAPK_platform.os
 .note.GNU-stack
                0x00000000        0x0 release\s3eAndroidXAPK_platform.os
 .text          0x00000000        0x0 release\s3eAndroidXAPK.os
 .data          0x00000000        0x0 release\s3eAndroidXAPK.os
 .bss           0x00000000        0x0 release\s3eAndroidXAPK.os
 .note.GNU-stack
                0x00000000        0x0 release\s3eAndroidXAPK.os
 .text          0x00000000        0x0 release\s3eAndroidXAPK_register.os
 .data          0x00000000        0x0 release\s3eAndroidXAPK_register.os
 .bss           0x00000000        0x0 release\s3eAndroidXAPK_register.os
 .text._Z25s3eAndroidXAPKRegisterExtv
                0x00000000       0x70 release\s3eAndroidXAPK_register.os
 .note.GNU-stack
                0x00000000        0x0 release\s3eAndroidXAPK_register.os
 .text          0x00000000        0x0 C:\Marmalade\6.4\s3e\edk\lib\android/libedk.a(edk_helpers.o)
 .data          0x00000000        0x0 C:\Marmalade\6.4\s3e\edk\lib\android/libedk.a(edk_helpers.o)
 .bss           0x00000000        0x0 C:\Marmalade\6.4\s3e\edk\lib\android/libedk.a(edk_helpers.o)
 .text.s3eEdkThreadRunOnOSAsync
                0x00000000       0x30 C:\Marmalade\6.4\s3e\edk\lib\android/libedk.a(edk_helpers.o)
 .note.GNU-stack
                0x00000000        0x0 C:\Marmalade\6.4\s3e\edk\lib\android/libedk.a(edk_helpers.o)
 .text          0x00000000        0x0 C:/Program Files/adt-bundle-windows-x86_64-20130717/android-ndk-r8e/platforms/android-9/arch-arm/usr/lib/crtend_so.o
 .data          0x00000000        0x0 C:/Program Files/adt-bundle-windows-x86_64-20130717/android-ndk-r8e/platforms/android-9/arch-arm/usr/lib/crtend_so.o
 .bss           0x00000000        0x0 C:/Program Files/adt-bundle-windows-x86_64-20130717/android-ndk-r8e/platforms/android-9/arch-arm/usr/lib/crtend_so.o
 .note.GNU-stack
                0x00000000        0x0 C:/Program Files/adt-bundle-windows-x86_64-20130717/android-ndk-r8e/platforms/android-9/arch-arm/usr/lib/crtend_so.o

Memory map

 ** file header
                0x00000000       0x34
 ** segment headers
                0x00000034       0xe0

.interp         0x00000114       0x13
 ** fill        0x00000114       0x13

.dynsym         0x00000128      0x100
 ** dynsym      0x00000128      0x100

.dynstr         0x00000228      0x144
 ** string table
                0x00000228      0x144

.hash           0x0000036c       0x54
 ** hash        0x0000036c       0x54

.rel.dyn        0x000003c0       0x38
 ** dynamic relocs
                0x000003c0       0x38

.rel.plt        0x000003f8       0x48
 ** dynamic relocs
                0x000003f8       0x48

.plt            0x00000440       0x80
 ** PLT         0x00000440       0x80

.text           0x000004c0      0x6a4
 .text.exit     0x000004c0       0x10 C:/Program Files/adt-bundle-windows-x86_64-20130717/android-ndk-r8e/platforms/android-9/arch-arm/usr/lib/crtbegin_so.o
                0x000004c0                __on_dlclose
 .text._Z16responseReceivedP7_JNIEnvP8_jobjectS2_
                0x000004d0       0x54 release\s3eAndroidXAPK_platform.os
                0x000004d0                responseReceived(_JNIEnv*, _jobject*, _jobject*)
 .text._ZL27s3eEdkAndroidFindClass_realPKc
                0x00000524       0xb4 release\s3eAndroidXAPK_platform.os
 .text._ZN7_JNIEnv9NewObjectEP7_jclassP10_jmethodIDz
                0x000005d8       0x38 release\s3eAndroidXAPK_platform.os
                0x000005d8                _JNIEnv::NewObject(_jclass*, _jmethodID*, ...)
 .text._ZN7_JNIEnv14CallVoidMethodEP8_jobjectP10_jmethodIDz
                0x00000610       0x38 release\s3eAndroidXAPK_platform.os
                0x00000610                _JNIEnv::CallVoidMethod(_jobject*, _jmethodID*, ...)
 .text._Z27s3eAndroidXAPKInit_platformv
                0x00000648      0x304 release\s3eAndroidXAPK_platform.os
                0x00000648                s3eAndroidXAPKInit_platform()
 .text._Z32s3eAndroidXAPKTerminate_platformv
                0x0000094c        0x4 release\s3eAndroidXAPK_platform.os
                0x0000094c                s3eAndroidXAPKTerminate_platform()
 .text._Z31s3eAndroidXAPKGetFiles_platformPKcPKviPFiPvS3_ES3_
                0x00000950      0x138 release\s3eAndroidXAPK_platform.os
                0x00000950                s3eAndroidXAPKGetFiles_platform(char const*, void const*, int, int (*)(void*, void*), void*)
 .text._Z18s3eAndroidXAPKInitv
                0x00000a88        0x4 release\s3eAndroidXAPK.os
                0x00000a88                s3eAndroidXAPKInit()
 .text._Z23s3eAndroidXAPKTerminatev
                0x00000a8c        0x4 release\s3eAndroidXAPK.os
                0x00000a8c                s3eAndroidXAPKTerminate()
 .text.s3eAndroidXAPKGetFiles
                0x00000a90        0x4 release\s3eAndroidXAPK.os
                0x00000a90                s3eAndroidXAPKGetFiles
 .text.RegisterExt
                0x00000a94       0x70 release\s3eAndroidXAPK_register.os
                0x00000a94                RegisterExt
 .text.s3eEdkThreadRunOnOS
                0x00000b04       0x30 C:\Marmalade\6.4\s3e\edk\lib\android/libedk.a(edk_helpers.o)
                0x00000b04                s3eEdkThreadRunOnOS
 .text.s3eEdkErrorSetString
                0xffffffffffffffff       0x30 C:\Marmalade\6.4\s3e\edk\lib\android/libedk.a(edk_helpers.o)
                0x00000b34                s3eEdkErrorSetString

.rodata         0x00000b64      0x134
 .rodata.str1.4
                0x00000b64      0x124 release\s3eAndroidXAPK_platform.os
 .rodata.str1.4
                0x00000c88       0x10 release\s3eAndroidXAPK_register.os

.fini_array     0x00001ecc        0x8
 .fini_array    0x00001ecc        0x4 C:/Program Files/adt-bundle-windows-x86_64-20130717/android-ndk-r8e/platforms/android-9/arch-arm/usr/lib/crtbegin_so.o
 .fini_array    0x00001ed0        0x4 C:/Program Files/adt-bundle-windows-x86_64-20130717/android-ndk-r8e/platforms/android-9/arch-arm/usr/lib/crtend_so.o

.data.rel.ro    0x00001ed4        0xc
 .data.rel.ro   0x00001ed4        0xc release\s3eAndroidXAPK_platform.os

.init_array     0x00001ee0        0x4
 .init_array    0x00001ee0        0x4 C:/Program Files/adt-bundle-windows-x86_64-20130717/android-ndk-r8e/platforms/android-9/arch-arm/usr/lib/crtend_so.o

.dynamic        0x00001ee4       0xe0
 ** dynamic     0x00001ee4       0xe0

.got            0x00001fc4       0x3c
 ** GOT         0x00001fc4        0xc
 ** GOT PLT     0x00001fd0       0x30

.data           0x00002000        0x4
 .data          0x00002000        0x4 C:/Program Files/adt-bundle-windows-x86_64-20130717/android-ndk-r8e/platforms/android-9/arch-arm/usr/lib/crtbegin_so.o
                0x00002000                __dso_handle

.bss            0x00002004       0x1c
 .bss           0x00002004       0x1c release\s3eAndroidXAPK_platform.os
